nohup: ignoring input
g++ -c  -I./include -I/usr/include/taglib -D_REENTRANT -D_GNU_SOURCE -fno-strict-aliasing -pipe -fstack-protector -I/usr/local/include -D_LARGEFILE_SOURCE -D_FILE_OFFSET_BITS=64 -O2 -g -pipe -Wall -Wp,-D_FORTIFY_SOURCE=2 -fexceptions -fstack-protector --param=ssp-buffer-size=4 -m64 -mtune=generic   -DVERSION=\"1.55\" -DXS_VERSION=\"1.55\" -fPIC "-I/usr/lib64/perl5/CORE"   TagLib.c
TagLib.c: In function ‘void XS_Audio__TagLib__ByteVectorList_new(PerlInterpreter*, CV*)’:
TagLib.c:102:9: warning: unused variable ‘CLASS’ [-Wunused-variable]
TagLib.c:95:16: warning: unused variable ‘Perl___notused’ [-Wunused-variable]
TagLib.c: In function ‘void XS_Audio__TagLib__ByteVectorList_DESTROY(PerlInterpreter*, CV*)’:
TagLib.c:131:16: warning: unused variable ‘Perl___notused’ [-Wunused-variable]
TagLib.c: In function ‘void XS_Audio__TagLib__ByteVectorList_toByteVector(PerlInterpreter*, CV*)’:
TagLib.c:157:16: warning: unused variable ‘Perl___notused’ [-Wunused-variable]
TagLib.c: In function ‘void XS_Audio__TagLib__ByteVectorList_split(PerlInterpreter*, CV*)’:
TagLib.c:209:9: warning: unused variable ‘CLASS’ [-Wunused-variable]
TagLib.c:197:16: warning: unused variable ‘Perl___notused’ [-Wunused-variable]
TagLib.c: In function ‘void XS_Audio__TagLib__ByteVector_new(PerlInterpreter*, CV*)’:
TagLib.c:278:9: warning: unused variable ‘CLASS’ [-Wunused-variable]
TagLib.c:271:16: warning: unused variable ‘Perl___notused’ [-Wunused-variable]
TagLib.c: In function ‘void XS_Audio__TagLib__ByteVector_DESTROY(PerlInterpreter*, CV*)’:
TagLib.c:359:16: warning: unused variable ‘Perl___notused’ [-Wunused-variable]
TagLib.c: In function ‘void XS_Audio__TagLib__ByteVector_setData(PerlInterpreter*, CV*)’:
TagLib.c:389:16: warning: unused variable ‘Perl___notused’ [-Wunused-variable]
TagLib.c: In function ‘void XS_Audio__TagLib__ByteVector_data(PerlInterpreter*, CV*)’:
TagLib.c:419:16: warning: unused variable ‘Perl___notused’ [-Wunused-variable]
TagLib.c: In function ‘void XS_Audio__TagLib__ByteVector_mid(PerlInterpreter*, CV*)’:
TagLib.c:455:16: warning: unused variable ‘Perl___notused’ [-Wunused-variable]
TagLib.c: In function ‘void XS_Audio__TagLib__ByteVector_at(PerlInterpreter*, CV*)’:
TagLib.c:506:16: warning: unused variable ‘Perl___notused’ [-Wunused-variable]
TagLib.c: In function ‘void XS_Audio__TagLib__ByteVector_find(PerlInterpreter*, CV*)’:
TagLib.c:535:16: warning: unused variable ‘Perl___notused’ [-Wunused-variable]
TagLib.c: In function ‘void XS_Audio__TagLib__ByteVector_rfind(PerlInterpreter*, CV*)’:
TagLib.c:583:16: warning: unused variable ‘Perl___notused’ [-Wunused-variable]
TagLib.c: In function ‘void XS_Audio__TagLib__ByteVector_containsAt(PerlInterpreter*, CV*)’:
TagLib.c:631:16: warning: unused variable ‘Perl___notused’ [-Wunused-variable]
TagLib.c: In function ‘void XS_Audio__TagLib__ByteVector_startsWith(PerlInterpreter*, CV*)’:
TagLib.c:681:16: warning: unused variable ‘Perl___notused’ [-Wunused-variable]
TagLib.c: In function ‘void XS_Audio__TagLib__ByteVector_endsWith(PerlInterpreter*, CV*)’:
TagLib.c:715:16: warning: unused variable ‘Perl___notused’ [-Wunused-variable]
TagLib.c: In function ‘void XS_Audio__TagLib__ByteVector_endsWithPartialMatch(PerlInterpreter*, CV*)’:
TagLib.c:749:16: warning: unused variable ‘Perl___notused’ [-Wunused-variable]
TagLib.c: In function ‘void XS_Audio__TagLib__ByteVector_append(PerlInterpreter*, CV*)’:
TagLib.c:783:16: warning: unused variable ‘Perl___notused’ [-Wunused-variable]
TagLib.c: In function ‘void XS_Audio__TagLib__ByteVector_clear(PerlInterpreter*, CV*)’:
TagLib.c:814:16: warning: unused variable ‘Perl___notused’ [-Wunused-variable]
TagLib.c: In function ‘void XS_Audio__TagLib__ByteVector_size(PerlInterpreter*, CV*)’:
TagLib.c:839:16: warning: unused variable ‘Perl___notused’ [-Wunused-variable]
TagLib.c: In function ‘void XS_Audio__TagLib__ByteVector_resize(PerlInterpreter*, CV*)’:
TagLib.c:867:16: warning: unused variable ‘Perl___notused’ [-Wunused-variable]
TagLib.c: In function ‘void XS_Audio__TagLib__ByteVector_begin(PerlInterpreter*, CV*)’:
TagLib.c:904:16: warning: unused variable ‘Perl___notused’ [-Wunused-variable]
TagLib.c: In function ‘void XS_Audio__TagLib__ByteVector_end(PerlInterpreter*, CV*)’:
TagLib.c:932:16: warning: unused variable ‘Perl___notused’ [-Wunused-variable]
TagLib.c: In function ‘void XS_Audio__TagLib__ByteVector_isNull(PerlInterpreter*, CV*)’:
TagLib.c:960:16: warning: unused variable ‘Perl___notused’ [-Wunused-variable]
TagLib.c: In function ‘void XS_Audio__TagLib__ByteVector_isEmpty(PerlInterpreter*, CV*)’:
TagLib.c:988:16: warning: unused variable ‘Perl___notused’ [-Wunused-variable]
TagLib.c: In function ‘void XS_Audio__TagLib__ByteVector_checksum(PerlInterpreter*, CV*)’:
TagLib.c:1016:16: warning: unused variable ‘Perl___notused’ [-Wunused-variable]
TagLib.c: In function ‘void XS_Audio__TagLib__ByteVector_toUInt(PerlInterpreter*, CV*)’:
TagLib.c:1044:16: warning: unused variable ‘Perl___notused’ [-Wunused-variable]
TagLib.c: In function ‘void XS_Audio__TagLib__ByteVector_toShort(PerlInterpreter*, CV*)’:
TagLib.c:1079:16: warning: unused variable ‘Perl___notused’ [-Wunused-variable]
TagLib.c: In function ‘void XS_Audio__TagLib__ByteVector_toLongLong(PerlInterpreter*, CV*)’:
TagLib.c:1114:16: warning: unused variable ‘Perl___notused’ [-Wunused-variable]
TagLib.c: In function ‘void XS_Audio__TagLib__ByteVector_setItem(PerlInterpreter*, CV*)’:
TagLib.c:1149:16: warning: unused variable ‘Perl___notused’ [-Wunused-variable]
TagLib.c: In function ‘void XS_Audio__TagLib__ByteVector__equal(PerlInterpreter*, CV*)’:
TagLib.c:1176:16: warning: unused variable ‘Perl___notused’ [-Wunused-variable]
TagLib.c: In function ‘void XS_Audio__TagLib__ByteVector__lessThan(PerlInterpreter*, CV*)’:
TagLib.c:1225:7: warning: variable ‘swap’ set but not used [-Wunused-but-set-variable]
TagLib.c:1217:16: warning: unused variable ‘Perl___notused’ [-Wunused-variable]
TagLib.c: In function ‘void XS_Audio__TagLib__ByteVector__greatThan(PerlInterpreter*, CV*)’:
TagLib.c:1266:7: warning: variable ‘swap’ set but not used [-Wunused-but-set-variable]
TagLib.c:1258:16: warning: unused variable ‘Perl___notused’ [-Wunused-variable]
TagLib.c: In function ‘void XS_Audio__TagLib__ByteVector__add(PerlInterpreter*, CV*)’:
TagLib.c:1307:7: warning: variable ‘swap’ set but not used [-Wunused-but-set-variable]
TagLib.c:1299:16: warning: unused variable ‘Perl___notused’ [-Wunused-variable]
TagLib.c: In function ‘void XS_Audio__TagLib__ByteVector_copy(PerlInterpreter*, CV*)’:
TagLib.c:1353:23: warning: variable ‘v’ set but not used [-Wunused-but-set-variable]
TagLib.c:1344:16: warning: unused variable ‘Perl___notused’ [-Wunused-variable]
TagLib.c: In function ‘void XS_Audio__TagLib__ByteVector_fromUInt(PerlInterpreter*, CV*)’:
TagLib.c:1388:9: warning: unused variable ‘CLASS’ [-Wunused-variable]
TagLib.c:1379:16: warning: unused variable ‘Perl___notused’ [-Wunused-variable]
TagLib.c: In function ‘void XS_Audio__TagLib__ByteVector_fromShort(PerlInterpreter*, CV*)’:
TagLib.c:1424:9: warning: unused variable ‘CLASS’ [-Wunused-variable]
TagLib.c:1415:16: warning: unused variable ‘Perl___notused’ [-Wunused-variable]
TagLib.c: In function ‘void XS_Audio__TagLib__ByteVector_fromLongLong(PerlInterpreter*, CV*)’:
TagLib.c:1460:9: warning: unused variable ‘CLASS’ [-Wunused-variable]
TagLib.c:1451:16: warning: unused variable ‘Perl___notused’ [-Wunused-variable]
TagLib.c: In function ‘void XS_Audio__TagLib__ByteVector_fromCString(PerlInterpreter*, CV*)’:
TagLib.c:1496:9: warning: unused variable ‘CLASS’ [-Wunused-variable]
TagLib.c:1487:16: warning: unused variable ‘Perl___notused’ [-Wunused-variable]
TagLib.c: In function ‘void XS_Audio__TagLib__ByteVector_null(PerlInterpreter*, CV*)’:
TagLib.c:1530:9: warning: unused variable ‘CLASS’ [-Wunused-variable]
TagLib.c:1523:16: warning: unused variable ‘Perl___notused’ [-Wunused-variable]
./xs/tbytevector.xs: In function ‘void XS_Audio__TagLib__ByteVector__memoAddress(PerlInterpreter*, CV*)’:
./xs/tbytevector.xs:568:33: warning: '#' flag used with ‘%u’ gnu_printf format [-Wformat]
./xs/tbytevector.xs:568:33: warning: format ‘%u’ expects argument of type ‘unsigned int’, but argument 3 has type ‘TagLib::ByteVector*’ [-Wformat]
TagLib.c:1554:16: warning: unused variable ‘Perl___notused’ [-Wunused-variable]
./xs/apeitem.xs: In function ‘void XS_Audio__TagLib__APE__Item_new(PerlInterpreter*, CV*)’:
./xs/apeitem.xs:16:2: error: ‘StringList’ is not a member of ‘TagLib’
./xs/apeitem.xs:16:23: error: ‘values’ was not declared in this scope
./xs/apeitem.xs:17:10: error: ‘TagLib::APE’ has not been declared
./xs/apeitem.xs:17:22: error: ‘item’ was not declared in this scope
TagLib.c:1611:10: error: ‘TagLib::APE’ has not been declared
TagLib.c:1611:22: error: ‘RETVAL’ was not declared in this scope
./xs/apeitem.xs:34:19: error: expected type-specifier
./xs/apeitem.xs:34:19: error: expected ‘;’
./xs/apeitem.xs:37:16: error: ‘StringList’ is not a member of ‘TagLib’
./xs/apeitem.xs:37:36: error: expected primary-expression before ‘)’ token
./xs/apeitem.xs:39:19: error: expected type-specifier
./xs/apeitem.xs:39:19: error: expected ‘;’
./xs/apeitem.xs:50:20: error: ‘TagLib::APE’ has not been declared
./xs/apeitem.xs:50:31: error: expected primary-expression before ‘)’ token
./xs/apeitem.xs:51:17: error: expected type-specifier
./xs/apeitem.xs:51:17: error: expected ‘;’
./xs/apeitem.xs:57:16: error: expected type-specifier
./xs/apeitem.xs:57:16: error: expected ‘;’
TagLib.c:1610:9: warning: unused variable ‘CLASS’ [-Wunused-variable]
TagLib.c:1597:16: warning: unused variable ‘Perl___notused’ [-Wunused-variable]
TagLib.c: In function ‘void XS_Audio__TagLib__APE__Item_DESTROY(PerlInterpreter*, CV*)’:
TagLib.c:1672:10: error: ‘TagLib::APE’ has not been declared
TagLib.c:1672:22: error: ‘THIS’ was not declared in this scope
TagLib.c:1675:19: error: ‘TagLib::APE’ has not been declared
TagLib.c:1675:30: error: expected primary-expression before ‘)’ token
./xs/apeitem.xs:66:10: error: type ‘<type error>’ argument given to ‘delete’, expected pointer
TagLib.c:1665:16: warning: unused variable ‘Perl___notused’ [-Wunused-variable]
TagLib.c: In function ‘void XS_Audio__TagLib__APE__Item_copy(PerlInterpreter*, CV*)’:
TagLib.c:1700:10: error: ‘TagLib::APE’ has not been declared
TagLib.c:1700:22: error: ‘item’ was not declared in this scope
TagLib.c:1701:10: error: ‘TagLib::APE’ has not been declared
TagLib.c:1701:22: error: ‘THIS’ was not declared in this scope
TagLib.c:1704:19: error: ‘TagLib::APE’ has not been declared
TagLib.c:1704:30: error: expected primary-expression before ‘)’ token
TagLib.c:1709:19: error: ‘TagLib::APE’ has not been declared
TagLib.c:1709:30: error: expected primary-expression before ‘)’ token
TagLib.c:1691:16: warning: unused variable ‘Perl___notused’ [-Wunused-variable]
TagLib.c: In function ‘void XS_Audio__TagLib__APE__Item_key(PerlInterpreter*, CV*)’:
TagLib.c:1733:10: error: ‘TagLib::APE’ has not been declared
TagLib.c:1733:22: error: ‘THIS’ was not declared in this scope
TagLib.c:1737:19: error: ‘TagLib::APE’ has not been declared
TagLib.c:1737:30: error: expected primary-expression before ‘)’ token
./xs/apeitem.xs:84:41: error: invalid use of incomplete type ‘class TagLib::String’
In file included from /usr/include/taglib/tbytevector.h:29:0,
                 from /usr/include/taglib/tbytevectorlist.h:30,
                 from TagLib.c:88:
/usr/include/taglib/taglib.h:59:9: error: forward declaration of ‘class TagLib::String’
TagLib.c:1726:16: warning: unused variable ‘Perl___notused’ [-Wunused-variable]
TagLib.c: In function ‘void XS_Audio__TagLib__APE__Item_value(PerlInterpreter*, CV*)’:
TagLib.c:1761:10: error: ‘TagLib::APE’ has not been declared
TagLib.c:1761:22: error: ‘THIS’ was not declared in this scope
TagLib.c:1765:19: error: ‘TagLib::APE’ has not been declared
TagLib.c:1765:30: error: expected primary-expression before ‘)’ token
TagLib.c:1754:16: warning: unused variable ‘Perl___notused’ [-Wunused-variable]
TagLib.c: In function ‘void XS_Audio__TagLib__APE__Item_size(PerlInterpreter*, CV*)’:
TagLib.c:1789:10: error: ‘TagLib::APE’ has not been declared
TagLib.c:1789:22: error: ‘THIS’ was not declared in this scope
TagLib.c:1794:19: error: ‘TagLib::APE’ has not been declared
TagLib.c:1794:30: error: expected primary-expression before ‘)’ token
TagLib.c:1782:16: warning: unused variable ‘Perl___notused’ [-Wunused-variable]
TagLib.c: In function ‘void XS_Audio__TagLib__APE__Item_toString(PerlInterpreter*, CV*)’:
TagLib.c:1817:10: error: ‘TagLib::APE’ has not been declared
TagLib.c:1817:22: error: ‘THIS’ was not declared in this scope
TagLib.c:1821:19: error: ‘TagLib::APE’ has not been declared
TagLib.c:1821:30: error: expected primary-expression before ‘)’ token
./xs/apeitem.xs:105:46: error: invalid use of incomplete type ‘class TagLib::String’
In file included from /usr/include/taglib/tbytevector.h:29:0,
                 from /usr/include/taglib/tbytevectorlist.h:30,
                 from TagLib.c:88:
/usr/include/taglib/taglib.h:59:9: error: forward declaration of ‘class TagLib::String’
TagLib.c:1810:16: warning: unused variable ‘Perl___notused’ [-Wunused-variable]
TagLib.c: In function ‘void XS_Audio__TagLib__APE__Item_toStringList(PerlInterpreter*, CV*)’:
TagLib.c:1845:10: error: ‘TagLib::APE’ has not been declared
TagLib.c:1845:22: error: ‘THIS’ was not declared in this scope
TagLib.c:1846:2: error: ‘StringList’ is not a member of ‘TagLib’
TagLib.c:1846:23: error: ‘RETVAL’ was not declared in this scope
TagLib.c:1849:19: error: ‘TagLib::APE’ has not been declared
TagLib.c:1849:30: error: expected primary-expression before ‘)’ token
./xs/apeitem.xs:112:15: error: expected type-specifier
./xs/apeitem.xs:112:15: error: expected ‘;’
TagLib.c:1838:16: warning: unused variable ‘Perl___notused’ [-Wunused-variable]
TagLib.c: In function ‘void XS_Audio__TagLib__APE__Item_render(PerlInterpreter*, CV*)’:
TagLib.c:1873:10: error: ‘TagLib::APE’ has not been declared
TagLib.c:1873:22: error: ‘THIS’ was not declared in this scope
TagLib.c:1877:19: error: ‘TagLib::APE’ has not been declared
TagLib.c:1877:30: error: expected primary-expression before ‘)’ token
TagLib.c:1866:16: warning: unused variable ‘Perl___notused’ [-Wunused-variable]
TagLib.c: In function ‘void XS_Audio__TagLib__APE__Item_parse(PerlInterpreter*, CV*)’:
TagLib.c:1902:10: error: ‘TagLib::APE’ has not been declared
TagLib.c:1902:22: error: ‘THIS’ was not declared in this scope
TagLib.c:1910:19: error: ‘TagLib::APE’ has not been declared
TagLib.c:1910:30: error: expected primary-expression before ‘)’ token
TagLib.c:1894:16: warning: unused variable ‘Perl___notused’ [-Wunused-variable]
TagLib.c: In function ‘void XS_Audio__TagLib__APE__Item_setReadOnly(PerlInterpreter*, CV*)’:
TagLib.c:1933:10: error: ‘TagLib::APE’ has not been declared
TagLib.c:1933:22: error: ‘THIS’ was not declared in this scope
TagLib.c:1936:19: error: ‘TagLib::APE’ has not been declared
TagLib.c:1936:30: error: expected primary-expression before ‘)’ token
TagLib.c:1925:16: warning: unused variable ‘Perl___notused’ [-Wunused-variable]
TagLib.c: In function ‘void XS_Audio__TagLib__APE__Item_isReadOnly(PerlInterpreter*, CV*)’:
TagLib.c:1958:10: error: ‘TagLib::APE’ has not been declared
TagLib.c:1958:22: error: ‘THIS’ was not declared in this scope
TagLib.c:1962:19: error: ‘TagLib::APE’ has not been declared
TagLib.c:1962:30: error: expected primary-expression before ‘)’ token
TagLib.c:1951:16: warning: unused variable ‘Perl___notused’ [-Wunused-variable]
TagLib.c: In function ‘void XS_Audio__TagLib__APE__Item_setType(PerlInterpreter*, CV*)’:
TagLib.c:1986:10: error: ‘TagLib::APE’ has not been declared
TagLib.c:1986:31: error: expected ‘;’ before ‘type’
TagLib.c:1987:10: error: ‘TagLib::APE’ has not been declared
TagLib.c:1987:22: error: ‘THIS’ was not declared in this scope
TagLib.c:1992:3: error: ‘type’ was not declared in this scope
TagLib.c:1992:18: error: ‘TagLib::APE’ has not been declared
TagLib.c:1994:3: error: ‘type’ was not declared in this scope
TagLib.c:1994:18: error: ‘TagLib::APE’ has not been declared
TagLib.c:1996:3: error: ‘type’ was not declared in this scope
TagLib.c:1996:18: error: ‘TagLib::APE’ has not been declared
TagLib.c:2001:19: error: ‘TagLib::APE’ has not been declared
TagLib.c:2001:30: error: expected primary-expression before ‘)’ token
./xs/apeitem.xs:146:16: error: ‘type’ was not declared in this scope
TagLib.c:1979:16: warning: unused variable ‘Perl___notused’ [-Wunused-variable]
TagLib.c: In function ‘void XS_Audio__TagLib__APE__Item_type(PerlInterpreter*, CV*)’:
TagLib.c:2023:10: error: ‘TagLib::APE’ has not been declared
TagLib.c:2023:22: error: ‘THIS’ was not declared in this scope
TagLib.c:2024:10: error: ‘TagLib::APE’ has not been declared
TagLib.c:2024:31: error: expected ‘;’ before ‘RETVAL’
TagLib.c:2027:19: error: ‘TagLib::APE’ has not been declared
TagLib.c:2027:30: error: expected primary-expression before ‘)’ token
./xs/apeitem.xs:151:2: error: ‘RETVAL’ was not declared in this scope
TagLib.c:2035:15: error: ‘TagLib::APE’ has not been declared
TagLib.c:2038:15: error: ‘TagLib::APE’ has not been declared
TagLib.c:2016:16: warning: unused variable ‘Perl___notused’ [-Wunused-variable]
TagLib.c: In function ‘void XS_Audio__TagLib__APE__Item_isEmpty(PerlInterpreter*, CV*)’:
TagLib.c:2061:10: error: ‘TagLib::APE’ has not been declared
TagLib.c:2061:22: error: ‘THIS’ was not declared in this scope
TagLib.c:2065:19: error: ‘TagLib::APE’ has not been declared
TagLib.c:2065:30: error: expected primary-expression before ‘)’ token
TagLib.c:2054:16: warning: unused variable ‘Perl___notused’ [-Wunused-variable]
TagLib.c: In function ‘void XS_Audio__TagLib__APE__Footer_new(PerlInterpreter*, CV*)’:
TagLib.c:2094:9: warning: unused variable ‘CLASS’ [-Wunused-variable]
TagLib.c:2087:16: warning: unused variable ‘Perl___notused’ [-Wunused-variable]
TagLib.c: In function ‘void XS_Audio__TagLib__APE__Footer_DESTROY(PerlInterpreter*, CV*)’:
TagLib.c:2121:16: warning: unused variable ‘Perl___notused’ [-Wunused-variable]
TagLib.c: In function ‘void XS_Audio__TagLib__APE__Footer_version(PerlInterpreter*, CV*)’:
TagLib.c:2147:16: warning: unused variable ‘Perl___notused’ [-Wunused-variable]
TagLib.c: In function ‘void XS_Audio__TagLib__APE__Footer_headerPresent(PerlInterpreter*, CV*)’:
TagLib.c:2175:16: warning: unused variable ‘Perl___notused’ [-Wunused-variable]
TagLib.c: In function ‘void XS_Audio__TagLib__APE__Footer_footerPresent(PerlInterpreter*, CV*)’:
TagLib.c:2203:16: warning: unused variable ‘Perl___notused’ [-Wunused-variable]
TagLib.c: In function ‘void XS_Audio__TagLib__APE__Footer_isHeader(PerlInterpreter*, CV*)’:
TagLib.c:2231:16: warning: unused variable ‘Perl___notused’ [-Wunused-variable]
TagLib.c: In function ‘void XS_Audio__TagLib__APE__Footer_setHeaderPresent(PerlInterpreter*, CV*)’:
TagLib.c:2259:16: warning: unused variable ‘Perl___notused’ [-Wunused-variable]
TagLib.c: In function ‘void XS_Audio__TagLib__APE__Footer_itemCount(PerlInterpreter*, CV*)’:
TagLib.c:2285:16: warning: unused variable ‘Perl___notused’ [-Wunused-variable]
TagLib.c: In function ‘void XS_Audio__TagLib__APE__Footer_setItemCount(PerlInterpreter*, CV*)’:
TagLib.c:2313:16: warning: unused variable ‘Perl___notused’ [-Wunused-variable]
TagLib.c: In function ‘void XS_Audio__TagLib__APE__Footer_tagSize(PerlInterpreter*, CV*)’:
TagLib.c:2339:16: warning: unused variable ‘Perl___notused’ [-Wunused-variable]
TagLib.c: In function ‘void XS_Audio__TagLib__APE__Footer_completeTagSize(PerlInterpreter*, CV*)’:
TagLib.c:2367:16: warning: unused variable ‘Perl___notused’ [-Wunused-variable]
TagLib.c: In function ‘void XS_Audio__TagLib__APE__Footer_setTagSize(PerlInterpreter*, CV*)’:
TagLib.c:2395:16: warning: unused variable ‘Perl___notused’ [-Wunused-variable]
TagLib.c: In function ‘void XS_Audio__TagLib__APE__Footer_setData(PerlInterpreter*, CV*)’:
TagLib.c:2421:16: warning: unused variable ‘Perl___notused’ [-Wunused-variable]
TagLib.c: In function ‘void XS_Audio__TagLib__APE__Footer_renderFooter(PerlInterpreter*, CV*)’:
TagLib.c:2452:16: warning: unused variable ‘Perl___notused’ [-Wunused-variable]
TagLib.c: In function ‘void XS_Audio__TagLib__APE__Footer_renderHeader(PerlInterpreter*, CV*)’:
TagLib.c:2483:16: warning: unused variable ‘Perl___notused’ [-Wunused-variable]
TagLib.c: In function ‘void XS_Audio__TagLib__APE__Footer_size(PerlInterpreter*, CV*)’:
TagLib.c:2521:9: warning: unused variable ‘CLASS’ [-Wunused-variable]
TagLib.c:2514:16: warning: unused variable ‘Perl___notused’ [-Wunused-variable]
TagLib.c: In function ‘void XS_Audio__TagLib__APE__Footer_fileIdentifier(PerlInterpreter*, CV*)’:
TagLib.c:2544:9: warning: unused variable ‘CLASS’ [-Wunused-variable]
TagLib.c:2537:16: warning: unused variable ‘Perl___notused’ [-Wunused-variable]
TagLib.c: In function ‘void XS_Audio__TagLib__StringList_new(PerlInterpreter*, CV*)’:
TagLib.c:2588:9: warning: unused variable ‘CLASS’ [-Wunused-variable]
TagLib.c:2575:16: warning: unused variable ‘Perl___notused’ [-Wunused-variable]
TagLib.c: In function ‘void XS_Audio__TagLib__StringList_DESTROY(PerlInterpreter*, CV*)’:
TagLib.c:2656:16: warning: unused variable ‘Perl___notused’ [-Wunused-variable]
TagLib.c: In function ‘void XS_Audio__TagLib__StringList_toString(PerlInterpreter*, CV*)’:
TagLib.c:2682:16: warning: unused variable ‘Perl___notused’ [-Wunused-variable]
TagLib.c: In function ‘void XS_Audio__TagLib__StringList_append(PerlInterpreter*, CV*)’:
TagLib.c:2724:16: warning: unused variable ‘Perl___notused’ [-Wunused-variable]
TagLib.c: In function ‘void XS_Audio__TagLib__StringList_split(PerlInterpreter*, CV*)’:
TagLib.c:2780:9: warning: unused variable ‘CLASS’ [-Wunused-variable]
TagLib.c:2771:16: warning: unused variable ‘Perl___notused’ [-Wunused-variable]
./xs/tstring.xs: In function ‘void XS_Audio__TagLib__String_new(PerlInterpreter*, CV*)’:
./xs/tstring.xs:90:14: warning: deprecated conversion from string constant to ‘char*’ [-Wwrite-strings]
./xs/tstring.xs:93:14: warning: deprecated conversion from string constant to ‘char*’ [-Wwrite-strings]
./xs/tstring.xs:104:15: warning: deprecated conversion from string constant to ‘char*’ [-Wwrite-strings]
./xs/tstring.xs:107:15: warning: deprecated conversion from string constant to ‘char*’ [-Wwrite-strings]
./xs/tstring.xs:110:15: warning: deprecated conversion from string constant to ‘char*’ [-Wwrite-strings]
./xs/tstring.xs:113:15: warning: deprecated conversion from string constant to ‘char*’ [-Wwrite-strings]
./xs/tstring.xs:116:15: warning: deprecated conversion from string constant to ‘char*’ [-Wwrite-strings]
./xs/tstring.xs:146:63: warning: comparison between signed and unsigned integer expressions [-Wsign-compare]
TagLib.c:2829:9: warning: unused variable ‘CLASS’ [-Wunused-variable]
TagLib.c:2812:16: warning: unused variable ‘Perl___notused’ [-Wunused-variable]
TagLib.c: In function ‘void XS_Audio__TagLib__String_DESTROY(PerlInterpreter*, CV*)’:
TagLib.c:2982:16: warning: unused variable ‘Perl___notused’ [-Wunused-variable]
TagLib.c: In function ‘void XS_Audio__TagLib__String_to8Bit(PerlInterpreter*, CV*)’:
TagLib.c:3009:16: warning: unused variable ‘Perl___notused’ [-Wunused-variable]
TagLib.c: In function ‘void XS_Audio__TagLib__String_toCString(PerlInterpreter*, CV*)’:
TagLib.c:3049:16: warning: unused variable ‘Perl___notused’ [-Wunused-variable]
TagLib.c: In function ‘void XS_Audio__TagLib__String_begin(PerlInterpreter*, CV*)’:
TagLib.c:3089:16: warning: unused variable ‘Perl___notused’ [-Wunused-variable]
TagLib.c: In function ‘void XS_Audio__TagLib__String_end(PerlInterpreter*, CV*)’:
TagLib.c:3117:16: warning: unused variable ‘Perl___notused’ [-Wunused-variable]
TagLib.c: In function ‘void XS_Audio__TagLib__String_find(PerlInterpreter*, CV*)’:
TagLib.c:3145:16: warning: unused variable ‘Perl___notused’ [-Wunused-variable]
TagLib.c: In function ‘void XS_Audio__TagLib__String_substr(PerlInterpreter*, CV*)’:
TagLib.c:3186:16: warning: unused variable ‘Perl___notused’ [-Wunused-variable]
TagLib.c: In function ‘void XS_Audio__TagLib__String_append(PerlInterpreter*, CV*)’:
TagLib.c:3222:16: warning: unused variable ‘Perl___notused’ [-Wunused-variable]
TagLib.c: In function ‘void XS_Audio__TagLib__String_upper(PerlInterpreter*, CV*)’:
TagLib.c:3254:16: warning: unused variable ‘Perl___notused’ [-Wunused-variable]
TagLib.c: In function ‘void XS_Audio__TagLib__String_size(PerlInterpreter*, CV*)’:
TagLib.c:3282:16: warning: unused variable ‘Perl___notused’ [-Wunused-variable]
TagLib.c: In function ‘void XS_Audio__TagLib__String_isEmpty(PerlInterpreter*, CV*)’:
TagLib.c:3310:16: warning: unused variable ‘Perl___notused’ [-Wunused-variable]
TagLib.c: In function ‘void XS_Audio__TagLib__String_isNull(PerlInterpreter*, CV*)’:
TagLib.c:3338:16: warning: unused variable ‘Perl___notused’ [-Wunused-variable]
TagLib.c: In function ‘void XS_Audio__TagLib__String_data(PerlInterpreter*, CV*)’:
TagLib.c:3366:16: warning: unused variable ‘Perl___notused’ [-Wunused-variable]
TagLib.c: In function ‘void XS_Audio__TagLib__String_toInt(PerlInterpreter*, CV*)’:
TagLib.c:3418:16: warning: unused variable ‘Perl___notused’ [-Wunused-variable]
TagLib.c: In function ‘void XS_Audio__TagLib__String_stripWhiteSpace(PerlInterpreter*, CV*)’:
TagLib.c:3446:16: warning: unused variable ‘Perl___notused’ [-Wunused-variable]
./xs/tstring.xs: In function ‘void XS_Audio__TagLib__String_getChar(PerlInterpreter*, CV*)’:
./xs/tstring.xs:341:61: warning: comparison between signed and unsigned integer expressions [-Wsign-compare]
TagLib.c:3474:16: warning: unused variable ‘Perl___notused’ [-Wunused-variable]
TagLib.c: In function ‘void XS_Audio__TagLib__String__equal(PerlInterpreter*, CV*)’:
TagLib.c:3528:16: warning: unused variable ‘Perl___notused’ [-Wunused-variable]
TagLib.c: In function ‘void XS_Audio__TagLib__String__append(PerlInterpreter*, CV*)’:
TagLib.c:3569:16: warning: unused variable ‘Perl___notused’ [-Wunused-variable]
TagLib.c: In function ‘void XS_Audio__TagLib__String_copy(PerlInterpreter*, CV*)’:
TagLib.c:3618:16: warning: unused variable ‘Perl___notused’ [-Wunused-variable]
TagLib.c: In function ‘void XS_Audio__TagLib__String__lessThan(PerlInterpreter*, CV*)’:
TagLib.c:3681:16: warning: unused variable ‘Perl___notused’ [-Wunused-variable]
TagLib.c: In function ‘void XS_Audio__TagLib__String_number(PerlInterpreter*, CV*)’:
TagLib.c:3730:9: warning: unused variable ‘CLASS’ [-Wunused-variable]
TagLib.c:3722:16: warning: unused variable ‘Perl___notused’ [-Wunused-variable]
TagLib.c: In function ‘void XS_Audio__TagLib__String_null(PerlInterpreter*, CV*)’:
TagLib.c:3753:9: warning: unused variable ‘CLASS’ [-Wunused-variable]
TagLib.c:3746:16: warning: unused variable ‘Perl___notused’ [-Wunused-variable]
./xs/tstring.xs: In function ‘void XS_Audio__TagLib__String__memoAddress(PerlInterpreter*, CV*)’:
./xs/tstring.xs:522:33: warning: '#' flag used with ‘%u’ gnu_printf format [-Wformat]
./xs/tstring.xs:522:33: warning: format ‘%u’ expects argument of type ‘unsigned int’, but argument 3 has type ‘TagLib::String*’ [-Wformat]
TagLib.c:3769:16: warning: unused variable ‘Perl___notused’ [-Wunused-variable]
TagLib.c: In function ‘void XS_Audio__TagLib__Ogg__PageHeader_new(PerlInterpreter*, CV*)’:
TagLib.c:3829:9: warning: unused variable ‘CLASS’ [-Wunused-variable]
TagLib.c:3820:16: warning: unused variable ‘Perl___notused’ [-Wunused-variable]
TagLib.c: In function ‘void XS_Audio__TagLib__Ogg__PageHeader_DESTROY(PerlInterpreter*, CV*)’:
TagLib.c:3860:16: warning: unused variable ‘Perl___notused’ [-Wunused-variable]
TagLib.c: In function ‘void XS_Audio__TagLib__Ogg__PageHeader_isValid(PerlInterpreter*, CV*)’:
TagLib.c:3886:16: warning: unused variable ‘Perl___notused’ [-Wunused-variable]
./xs/oggpageheader.xs: In function ‘void XS_Audio__TagLib__Ogg__PageHeader_packetSizes(PerlInterpreter*, CV*)’:
./xs/oggpageheader.xs:46:30: warning: comparison between signed and unsigned integer expressions [-Wsign-compare]
TagLib.c:3914:16: warning: unused variable ‘Perl___notused’ [-Wunused-variable]
TagLib.c: In function ‘void XS_Audio__TagLib__Ogg__PageHeader_setPacketSizes(PerlInterpreter*, CV*)’:
TagLib.c:3960:16: warning: unused variable ‘Perl___notused’ [-Wunused-variable]
TagLib.c: In function ‘void XS_Audio__TagLib__Ogg__PageHeader_firstPacketContinued(PerlInterpreter*, CV*)’:
TagLib.c:3994:16: warning: unused variable ‘Perl___notused’ [-Wunused-variable]
TagLib.c: In function ‘void XS_Audio__TagLib__Ogg__PageHeader_setFirstPacketContinued(PerlInterpreter*, CV*)’:
TagLib.c:4022:16: warning: unused variable ‘Perl___notused’ [-Wunused-variable]
TagLib.c: In function ‘void XS_Audio__TagLib__Ogg__PageHeader_lastPacketCompleted(PerlInterpreter*, CV*)’:
TagLib.c:4048:16: warning: unused variable ‘Perl___notused’ [-Wunused-variable]
TagLib.c: In function ‘void XS_Audio__TagLib__Ogg__PageHeader_setLastPacketCompleted(PerlInterpreter*, CV*)’:
TagLib.c:4076:16: warning: unused variable ‘Perl___notused’ [-Wunused-variable]
TagLib.c: In function ‘void XS_Audio__TagLib__Ogg__PageHeader_firstPageOfStream(PerlInterpreter*, CV*)’:
TagLib.c:4102:16: warning: unused variable ‘Perl___notused’ [-Wunused-variable]
TagLib.c: In function ‘void XS_Audio__TagLib__Ogg__PageHeader_setFirstPageOfStream(PerlInterpreter*, CV*)’:
TagLib.c:4130:16: warning: unused variable ‘Perl___notused’ [-Wunused-variable]
TagLib.c: In function ‘void XS_Audio__TagLib__Ogg__PageHeader_lastPageOfStream(PerlInterpreter*, CV*)’:
TagLib.c:4156:16: warning: unused variable ‘Perl___notused’ [-Wunused-variable]
TagLib.c: In function ‘void XS_Audio__TagLib__Ogg__PageHeader_setLastPageOfStream(PerlInterpreter*, CV*)’:
TagLib.c:4184:16: warning: unused variable ‘Perl___notused’ [-Wunused-variable]
TagLib.c: In function ‘void XS_Audio__TagLib__Ogg__PageHeader_absoluteGranularPosition(PerlInterpreter*, CV*)’:
TagLib.c:4210:16: warning: unused variable ‘Perl___notused’ [-Wunused-variable]
TagLib.c: In function ‘void XS_Audio__TagLib__Ogg__PageHeader_setAbsoluteGranularPosition(PerlInterpreter*, CV*)’:
TagLib.c:4238:16: warning: unused variable ‘Perl___notused’ [-Wunused-variable]
TagLib.c: In function ‘void XS_Audio__TagLib__Ogg__PageHeader_streamSerialNumber(PerlInterpreter*, CV*)’:
TagLib.c:4264:16: warning: unused variable ‘Perl___notused’ [-Wunused-variable]
TagLib.c: In function ‘void XS_Audio__TagLib__Ogg__PageHeader_setStreamSerialNumber(PerlInterpreter*, CV*)’:
TagLib.c:4292:16: warning: unused variable ‘Perl___notused’ [-Wunused-variable]
TagLib.c: In function ‘void XS_Audio__TagLib__Ogg__PageHeader_pageSequenceNumber(PerlInterpreter*, CV*)’:
TagLib.c:4318:16: warning: unused variable ‘Perl___notused’ [-Wunused-variable]
TagLib.c: In function ‘void XS_Audio__TagLib__Ogg__PageHeader_setPageSequenceNumber(PerlInterpreter*, CV*)’:
TagLib.c:4346:16: warning: unused variable ‘Perl___notused’ [-Wunused-variable]
TagLib.c: In function ‘void XS_Audio__TagLib__Ogg__PageHeader_size(PerlInterpreter*, CV*)’:
TagLib.c:4372:16: warning: unused variable ‘Perl___notused’ [-Wunused-variable]
TagLib.c: In function ‘void XS_Audio__TagLib__Ogg__PageHeader_dataSize(PerlInterpreter*, CV*)’:
TagLib.c:4400:16: warning: unused variable ‘Perl___notused’ [-Wunused-variable]
TagLib.c: In function ‘void XS_Audio__TagLib__Ogg__PageHeader_render(PerlInterpreter*, CV*)’:
TagLib.c:4428:16: warning: unused variable ‘Perl___notused’ [-Wunused-variable]
TagLib.c: In function ‘void XS_Audio__TagLib__Ogg__Page_new(PerlInterpreter*, CV*)’:
TagLib.c:4470:9: warning: unused variable ‘CLASS’ [-Wunused-variable]
TagLib.c:4461:16: warning: unused variable ‘Perl___notused’ [-Wunused-variable]
TagLib.c: In function ‘void XS_Audio__TagLib__Ogg__Page_DESTROY(PerlInterpreter*, CV*)’:
TagLib.c:4491:16: warning: unused variable ‘Perl___notused’ [-Wunused-variable]
TagLib.c: In function ‘void XS_Audio__TagLib__Ogg__Page_fileOffset(PerlInterpreter*, CV*)’:
TagLib.c:4517:16: warning: unused variable ‘Perl___notused’ [-Wunused-variable]
TagLib.c: In function ‘void XS_Audio__TagLib__Ogg__Page_header(PerlInterpreter*, CV*)’:
TagLib.c:4545:16: warning: unused variable ‘Perl___notused’ [-Wunused-variable]
TagLib.c: In function ‘void XS_Audio__TagLib__Ogg__Page_firstPacketIndex(PerlInterpreter*, CV*)’:
TagLib.c:4579:16: warning: unused variable ‘Perl___notused’ [-Wunused-variable]
TagLib.c: In function ‘void XS_Audio__TagLib__Ogg__Page_setFirstPacketIndex(PerlInterpreter*, CV*)’:
TagLib.c:4607:16: warning: unused variable ‘Perl___notused’ [-Wunused-variable]
TagLib.c: In function ‘void XS_Audio__TagLib__Ogg__Page_containsPacket(PerlInterpreter*, CV*)’:
TagLib.c:4633:16: warning: unused variable ‘Perl___notused’ [-Wunused-variable]
TagLib.c: In function ‘void XS_Audio__TagLib__Ogg__Page_packetCount(PerlInterpreter*, CV*)’:
TagLib.c:4675:16: warning: unused variable ‘Perl___notused’ [-Wunused-variable]
TagLib.c: In function ‘void XS_Audio__TagLib__Ogg__Page_packets(PerlInterpreter*, CV*)’:
TagLib.c:4703:16: warning: unused variable ‘Perl___notused’ [-Wunused-variable]
TagLib.c: In function ‘void XS_Audio__TagLib__Ogg__Page_size(PerlInterpreter*, CV*)’:
TagLib.c:4731:16: warning: unused variable ‘Perl___notused’ [-Wunused-variable]
TagLib.c: In function ‘void XS_Audio__TagLib__Ogg__Page_render(PerlInterpreter*, CV*)’:
TagLib.c:4759:16: warning: unused variable ‘Perl___notused’ [-Wunused-variable]
./xs/oggpage.xs: In function ‘void XS_Audio__TagLib__Ogg__Page_paginate(PerlInterpreter*, CV*)’:
./xs/oggpage.xs:123:30: warning: comparison between signed and unsigned integer expressions [-Wsign-compare]
TagLib.c:4806:9: warning: unused variable ‘CLASS’ [-Wunused-variable]
TagLib.c:4787:16: warning: unused variable ‘Perl___notused’ [-Wunused-variable]
TagLib.c: In function ‘void XS_Audio__TagLib__MPEG__XingHeader_new(PerlInterpreter*, CV*)’:
TagLib.c:4892:9: warning: unused variable ‘CLASS’ [-Wunused-variable]
TagLib.c:4884:16: warning: unused variable ‘Perl___notused’ [-Wunused-variable]
TagLib.c: In function ‘void XS_Audio__TagLib__MPEG__XingHeader_DESTROY(PerlInterpreter*, CV*)’:
TagLib.c:4913:16: warning: unused variable ‘Perl___notused’ [-Wunused-variable]
TagLib.c: In function ‘void XS_Audio__TagLib__MPEG__XingHeader_isValid(PerlInterpreter*, CV*)’:
TagLib.c:4939:16: warning: unused variable ‘Perl___notused’ [-Wunused-variable]
TagLib.c: In function ‘void XS_Audio__TagLib__MPEG__XingHeader_totalFrames(PerlInterpreter*, CV*)’:
TagLib.c:4967:16: warning: unused variable ‘Perl___notused’ [-Wunused-variable]
TagLib.c: In function ‘void XS_Audio__TagLib__MPEG__XingHeader_totalSize(PerlInterpreter*, CV*)’:
TagLib.c:4995:16: warning: unused variable ‘Perl___notused’ [-Wunused-variable]
TagLib.c: In function ‘void XS_Audio__TagLib__MPEG__XingHeader_xingHeaderOffset(PerlInterpreter*, CV*)’:
TagLib.c:5032:9: warning: unused variable ‘CLASS’ [-Wunused-variable]
TagLib.c:5023:16: warning: unused variable ‘Perl___notused’ [-Wunused-variable]
TagLib.c: In function ‘void XS_Audio__TagLib__MPEG__Header_new(PerlInterpreter*, CV*)’:
TagLib.c:5088:9: warning: unused variable ‘CLASS’ [-Wunused-variable]
TagLib.c:5077:16: warning: unused variable ‘Perl___notused’ [-Wunused-variable]
TagLib.c: In function ‘void XS_Audio__TagLib__MPEG__Header_DESTROY(PerlInterpreter*, CV*)’:
TagLib.c:5118:16: warning: unused variable ‘Perl___notused’ [-Wunused-variable]
TagLib.c: In function ‘void XS_Audio__TagLib__MPEG__Header_isValid(PerlInterpreter*, CV*)’:
TagLib.c:5144:16: warning: unused variable ‘Perl___notused’ [-Wunused-variable]
TagLib.c: In function ‘void XS_Audio__TagLib__MPEG__Header_version(PerlInterpreter*, CV*)’:
TagLib.c:5172:16: warning: unused variable ‘Perl___notused’ [-Wunused-variable]
TagLib.c: In function ‘void XS_Audio__TagLib__MPEG__Header_layer(PerlInterpreter*, CV*)’:
TagLib.c:5210:16: warning: unused variable ‘Perl___notused’ [-Wunused-variable]
TagLib.c: In function ‘void XS_Audio__TagLib__MPEG__Header_protectionEnabled(PerlInterpreter*, CV*)’:
TagLib.c:5238:16: warning: unused variable ‘Perl___notused’ [-Wunused-variable]
TagLib.c: In function ‘void XS_Audio__TagLib__MPEG__Header_bitrate(PerlInterpreter*, CV*)’:
TagLib.c:5266:16: warning: unused variable ‘Perl___notused’ [-Wunused-variable]
TagLib.c: In function ‘void XS_Audio__TagLib__MPEG__Header_sampleRate(PerlInterpreter*, CV*)’:
TagLib.c:5294:16: warning: unused variable ‘Perl___notused’ [-Wunused-variable]
TagLib.c: In function ‘void XS_Audio__TagLib__MPEG__Header_isPadded(PerlInterpreter*, CV*)’:
TagLib.c:5322:16: warning: unused variable ‘Perl___notused’ [-Wunused-variable]
TagLib.c: In function ‘void XS_Audio__TagLib__MPEG__Header_channelMode(PerlInterpreter*, CV*)’:
TagLib.c:5350:16: warning: unused variable ‘Perl___notused’ [-Wunused-variable]
TagLib.c: In function ‘void XS_Audio__TagLib__MPEG__Header_isCopyrighted(PerlInterpreter*, CV*)’:
TagLib.c:5391:16: warning: unused variable ‘Perl___notused’ [-Wunused-variable]
TagLib.c: In function ‘void XS_Audio__TagLib__MPEG__Header_isOriginal(PerlInterpreter*, CV*)’:
TagLib.c:5419:16: warning: unused variable ‘Perl___notused’ [-Wunused-variable]
TagLib.c: In function ‘void XS_Audio__TagLib__MPEG__Header_frameLength(PerlInterpreter*, CV*)’:
TagLib.c:5447:16: warning: unused variable ‘Perl___notused’ [-Wunused-variable]
TagLib.c: In function ‘void XS_Audio__TagLib__MPEG__Header_copy(PerlInterpreter*, CV*)’:
TagLib.c:5475:16: warning: unused variable ‘Perl___notused’ [-Wunused-variable]
TagLib.c: In function ‘void XS_Audio__TagLib__MPEG__Properties_new(PerlInterpreter*, CV*)’:
TagLib.c:5536:9: warning: unused variable ‘CLASS’ [-Wunused-variable]
TagLib.c:5527:16: warning: unused variable ‘Perl___notused’ [-Wunused-variable]
TagLib.c: In function ‘void XS_Audio__TagLib__MPEG__Properties_DESTROY(PerlInterpreter*, CV*)’:
TagLib.c:5572:16: warning: unused variable ‘Perl___notused’ [-Wunused-variable]
TagLib.c: In function ‘void XS_Audio__TagLib__MPEG__Properties_length(PerlInterpreter*, CV*)’:
TagLib.c:5598:16: warning: unused variable ‘Perl___notused’ [-Wunused-variable]
TagLib.c: In function ‘void XS_Audio__TagLib__MPEG__Properties_bitrate(PerlInterpreter*, CV*)’:
TagLib.c:5626:16: warning: unused variable ‘Perl___notused’ [-Wunused-variable]
TagLib.c: In function ‘void XS_Audio__TagLib__MPEG__Properties_sampleRate(PerlInterpreter*, CV*)’:
TagLib.c:5654:16: warning: unused variable ‘Perl___notused’ [-Wunused-variable]
TagLib.c: In function ‘void XS_Audio__TagLib__MPEG__Properties_channels(PerlInterpreter*, CV*)’:
TagLib.c:5682:16: warning: unused variable ‘Perl___notused’ [-Wunused-variable]
TagLib.c: In function ‘void XS_Audio__TagLib__MPEG__Properties_version(PerlInterpreter*, CV*)’:
TagLib.c:5710:16: warning: unused variable ‘Perl___notused’ [-Wunused-variable]
TagLib.c: In function ‘void XS_Audio__TagLib__MPEG__Properties_layer(PerlInterpreter*, CV*)’:
TagLib.c:5748:16: warning: unused variable ‘Perl___notused’ [-Wunused-variable]
TagLib.c: In function ‘void XS_Audio__TagLib__MPEG__Properties_protectionEnabled(PerlInterpreter*, CV*)’:
TagLib.c:5776:16: warning: unused variable ‘Perl___notused’ [-Wunused-variable]
TagLib.c: In function ‘void XS_Audio__TagLib__MPEG__Properties_channelMode(PerlInterpreter*, CV*)’:
TagLib.c:5804:16: warning: unused variable ‘Perl___notused’ [-Wunused-variable]
TagLib.c: In function ‘void XS_Audio__TagLib__MPEG__Properties_isCopyrighted(PerlInterpreter*, CV*)’:
TagLib.c:5845:16: warning: unused variable ‘Perl___notused’ [-Wunused-variable]
TagLib.c: In function ‘void XS_Audio__TagLib__MPEG__Properties_isOriginal(PerlInterpreter*, CV*)’:
TagLib.c:5873:16: warning: unused variable ‘Perl___notused’ [-Wunused-variable]
TagLib.c: In function ‘void XS_Audio__TagLib__MPC__Properties_new(PerlInterpreter*, CV*)’:
TagLib.c:5916:9: warning: unused variable ‘CLASS’ [-Wunused-variable]
TagLib.c:5906:16: warning: unused variable ‘Perl___notused’ [-Wunused-variable]
TagLib.c: In function ‘void XS_Audio__TagLib__MPC__Properties_DESTROY(PerlInterpreter*, CV*)’:
TagLib.c:5952:16: warning: unused variable ‘Perl___notused’ [-Wunused-variable]
TagLib.c: In function ‘void XS_Audio__TagLib__MPC__Properties_length(PerlInterpreter*, CV*)’:
TagLib.c:5978:16: warning: unused variable ‘Perl___notused’ [-Wunused-variable]
TagLib.c: In function ‘void XS_Audio__TagLib__MPC__Properties_bitrate(PerlInterpreter*, CV*)’:
TagLib.c:6006:16: warning: unused variable ‘Perl___notused’ [-Wunused-variable]
TagLib.c: In function ‘void XS_Audio__TagLib__MPC__Properties_sampleRate(PerlInterpreter*, CV*)’:
TagLib.c:6034:16: warning: unused variable ‘Perl___notused’ [-Wunused-variable]
TagLib.c: In function ‘void XS_Audio__TagLib__MPC__Properties_channels(PerlInterpreter*, CV*)’:
TagLib.c:6062:16: warning: unused variable ‘Perl___notused’ [-Wunused-variable]
TagLib.c: In function ‘void XS_Audio__TagLib__MPC__Properties_mpcVersion(PerlInterpreter*, CV*)’:
TagLib.c:6090:16: warning: unused variable ‘Perl___notused’ [-Wunused-variable]
TagLib.c: In function ‘void XS_Audio__TagLib__FLAC__Properties_new(PerlInterpreter*, CV*)’:
TagLib.c:6136:9: warning: unused variable ‘CLASS’ [-Wunused-variable]
TagLib.c:6123:16: warning: unused variable ‘Perl___notused’ [-Wunused-variable]
TagLib.c: In function ‘void XS_Audio__TagLib__FLAC__Properties_DESTROY(PerlInterpreter*, CV*)’:
TagLib.c:6224:16: warning: unused variable ‘Perl___notused’ [-Wunused-variable]
TagLib.c: In function ‘void XS_Audio__TagLib__FLAC__Properties_length(PerlInterpreter*, CV*)’:
TagLib.c:6251:16: warning: unused variable ‘Perl___notused’ [-Wunused-variable]
TagLib.c: In function ‘void XS_Audio__TagLib__FLAC__Properties_bitrate(PerlInterpreter*, CV*)’:
TagLib.c:6279:16: warning: unused variable ‘Perl___notused’ [-Wunused-variable]
TagLib.c: In function ‘void XS_Audio__TagLib__FLAC__Properties_sampleRate(PerlInterpreter*, CV*)’:
TagLib.c:6307:16: warning: unused variable ‘Perl___notused’ [-Wunused-variable]
TagLib.c: In function ‘void XS_Audio__TagLib__FLAC__Properties_channels(PerlInterpreter*, CV*)’:
TagLib.c:6335:16: warning: unused variable ‘Perl___notused’ [-Wunused-variable]
TagLib.c: In function ‘void XS_Audio__TagLib__FLAC__Properties_sampleWidth(PerlInterpreter*, CV*)’:
TagLib.c:6363:16: warning: unused variable ‘Perl___notused’ [-Wunused-variable]
TagLib.c: In function ‘void XS_Audio__TagLib__AudioProperties_DESTROY(PerlInterpreter*, CV*)’:
TagLib.c:6396:16: warning: unused variable ‘Perl___notused’ [-Wunused-variable]
TagLib.c: In function ‘void XS_Audio__TagLib__AudioProperties_length(PerlInterpreter*, CV*)’:
TagLib.c:6423:16: warning: unused variable ‘Perl___notused’ [-Wunused-variable]
TagLib.c: In function ‘void XS_Audio__TagLib__AudioProperties_bitrate(PerlInterpreter*, CV*)’:
TagLib.c:6451:16: warning: unused variable ‘Perl___notused’ [-Wunused-variable]
TagLib.c: In function ‘void XS_Audio__TagLib__AudioProperties_sampleRate(PerlInterpreter*, CV*)’:
TagLib.c:6479:16: warning: unused variable ‘Perl___notused’ [-Wunused-variable]
TagLib.c: In function ‘void XS_Audio__TagLib__AudioProperties_channels(PerlInterpreter*, CV*)’:
TagLib.c:6507:16: warning: unused variable ‘Perl___notused’ [-Wunused-variable]
TagLib.c: In function ‘void XS_Audio__TagLib__Ogg__FLAC__File_new(PerlInterpreter*, CV*)’:
TagLib.c:7533:9: warning: unused variable ‘CLASS’ [-Wunused-variable]
TagLib.c:7523:16: warning: unused variable ‘Perl___notused’ [-Wunused-variable]
TagLib.c: In function ‘void XS_Audio__TagLib__Ogg__FLAC__File_DESTROY(PerlInterpreter*, CV*)’:
TagLib.c:7571:16: warning: unused variable ‘Perl___notused’ [-Wunused-variable]
TagLib.c: In function ‘void XS_Audio__TagLib__Ogg__FLAC__File_tag(PerlInterpreter*, CV*)’:
TagLib.c:7597:16: warning: unused variable ‘Perl___notused’ [-Wunused-variable]
TagLib.c: In function ‘void XS_Audio__TagLib__Ogg__FLAC__File_audioProperties(PerlInterpreter*, CV*)’:
TagLib.c:7634:16: warning: unused variable ‘Perl___notused’ [-Wunused-variable]
TagLib.c: In function ‘void XS_Audio__TagLib__Ogg__FLAC__File_save(PerlInterpreter*, CV*)’:
TagLib.c:7671:16: warning: unused variable ‘Perl___notused’ [-Wunused-variable]
TagLib.c: In function ‘void XS_Audio__TagLib__Ogg__FLAC__File_streamLength(PerlInterpreter*, CV*)’:
TagLib.c:7699:16: warning: unused variable ‘Perl___notused’ [-Wunused-variable]
TagLib.c: In function ‘void XS_Audio__TagLib__Ogg__File_DESTROY(PerlInterpreter*, CV*)’:
TagLib.c:7732:16: warning: unused variable ‘Perl___notused’ [-Wunused-variable]
TagLib.c: In function ‘void XS_Audio__TagLib__Ogg__File_packet(PerlInterpreter*, CV*)’:
TagLib.c:7758:16: warning: unused variable ‘Perl___notused’ [-Wunused-variable]
TagLib.c: In function ‘void XS_Audio__TagLib__Ogg__File_setPacket(PerlInterpreter*, CV*)’:
TagLib.c:7787:16: warning: unused variable ‘Perl___notused’ [-Wunused-variable]
TagLib.c: In function ‘void XS_Audio__TagLib__Ogg__File_firstPageHeader(PerlInterpreter*, CV*)’:
TagLib.c:7819:16: warning: unused variable ‘Perl___notused’ [-Wunused-variable]
TagLib.c: In function ‘void XS_Audio__TagLib__Ogg__File_lastPageHeader(PerlInterpreter*, CV*)’:
TagLib.c:7856:16: warning: unused variable ‘Perl___notused’ [-Wunused-variable]
TagLib.c: In function ‘void XS_Audio__TagLib__Ogg__File_save(PerlInterpreter*, CV*)’:
TagLib.c:7893:16: warning: unused variable ‘Perl___notused’ [-Wunused-variable]
TagLib.c: In function ‘void XS_Audio__TagLib__MPEG__File_new(PerlInterpreter*, CV*)’:
TagLib.c:7940:9: warning: unused variable ‘CLASS’ [-Wunused-variable]
TagLib.c:7926:16: warning: unused variable ‘Perl___notused’ [-Wunused-variable]
TagLib.c: In function ‘void XS_Audio__TagLib__MPEG__File_DESTROY(PerlInterpreter*, CV*)’:
TagLib.c:8047:16: warning: unused variable ‘Perl___notused’ [-Wunused-variable]
TagLib.c: In function ‘void XS_Audio__TagLib__MPEG__File_tag(PerlInterpreter*, CV*)’:
TagLib.c:8073:16: warning: unused variable ‘Perl___notused’ [-Wunused-variable]
TagLib.c: In function ‘void XS_Audio__TagLib__MPEG__File_audioProperties(PerlInterpreter*, CV*)’:
TagLib.c:8110:16: warning: unused variable ‘Perl___notused’ [-Wunused-variable]
TagLib.c: In function ‘void XS_Audio__TagLib__MPEG__File_save(PerlInterpreter*, CV*)’:
TagLib.c:8147:16: warning: unused variable ‘Perl___notused’ [-Wunused-variable]
TagLib.c: In function ‘void XS_Audio__TagLib__MPEG__File_ID3v2Tag(PerlInterpreter*, CV*)’:
TagLib.c:8223:16: warning: unused variable ‘Perl___notused’ [-Wunused-variable]
TagLib.c: In function ‘void XS_Audio__TagLib__MPEG__File_ID3v1Tag(PerlInterpreter*, CV*)’:
TagLib.c:8267:16: warning: unused variable ‘Perl___notused’ [-Wunused-variable]
TagLib.c: In function ‘void XS_Audio__TagLib__MPEG__File_APETag(PerlInterpreter*, CV*)’:
TagLib.c:8311:16: warning: unused variable ‘Perl___notused’ [-Wunused-variable]
TagLib.c: In function ‘void XS_Audio__TagLib__MPEG__File_strip(PerlInterpreter*, CV*)’:
TagLib.c:8355:16: warning: unused variable ‘Perl___notused’ [-Wunused-variable]
TagLib.c: In function ‘void XS_Audio__TagLib__MPEG__File_setID3v2FrameFactory(PerlInterpreter*, CV*)’:
TagLib.c:8431:16: warning: unused variable ‘Perl___notused’ [-Wunused-variable]
TagLib.c: In function ‘void XS_Audio__TagLib__MPEG__File_firstFrameOffset(PerlInterpreter*, CV*)’:
TagLib.c:8462:16: warning: unused variable ‘Perl___notused’ [-Wunused-variable]
TagLib.c: In function ‘void XS_Audio__TagLib__MPEG__File_nextFrameOffset(PerlInterpreter*, CV*)’:
TagLib.c:8490:16: warning: unused variable ‘Perl___notused’ [-Wunused-variable]
TagLib.c: In function ‘void XS_Audio__TagLib__MPEG__File_previousFrameOffset(PerlInterpreter*, CV*)’:
TagLib.c:8519:16: warning: unused variable ‘Perl___notused’ [-Wunused-variable]
TagLib.c: In function ‘void XS_Audio__TagLib__MPEG__File_lastFrameOffset(PerlInterpreter*, CV*)’:
TagLib.c:8548:16: warning: unused variable ‘Perl___notused’ [-Wunused-variable]
TagLib.c: In function ‘void XS_Audio__TagLib__MPC__File_new(PerlInterpreter*, CV*)’:
TagLib.c:8591:9: warning: unused variable ‘CLASS’ [-Wunused-variable]
TagLib.c:8581:16: warning: unused variable ‘Perl___notused’ [-Wunused-variable]
TagLib.c: In function ‘void XS_Audio__TagLib__MPC__File_DESTROY(PerlInterpreter*, CV*)’:
TagLib.c:8629:16: warning: unused variable ‘Perl___notused’ [-Wunused-variable]
TagLib.c: In function ‘void XS_Audio__TagLib__MPC__File_tag(PerlInterpreter*, CV*)’:
TagLib.c:8655:16: warning: unused variable ‘Perl___notused’ [-Wunused-variable]
TagLib.c: In function ‘void XS_Audio__TagLib__MPC__File_audioProperties(PerlInterpreter*, CV*)’:
TagLib.c:8692:16: warning: unused variable ‘Perl___notused’ [-Wunused-variable]
TagLib.c: In function ‘void XS_Audio__TagLib__MPC__File_save(PerlInterpreter*, CV*)’:
TagLib.c:8729:16: warning: unused variable ‘Perl___notused’ [-Wunused-variable]
TagLib.c: In function ‘void XS_Audio__TagLib__MPC__File_ID3v1Tag(PerlInterpreter*, CV*)’:
TagLib.c:8757:16: warning: unused variable ‘Perl___notused’ [-Wunused-variable]
TagLib.c: In function ‘void XS_Audio__TagLib__MPC__File_APETag(PerlInterpreter*, CV*)’:
TagLib.c:8801:16: warning: unused variable ‘Perl___notused’ [-Wunused-variable]
TagLib.c: In function ‘void XS_Audio__TagLib__MPC__File_remove(PerlInterpreter*, CV*)’:
TagLib.c:8845:16: warning: unused variable ‘Perl___notused’ [-Wunused-variable]
TagLib.c: In function ‘void XS_Audio__TagLib__FLAC__File_new(PerlInterpreter*, CV*)’:
TagLib.c:8901:9: warning: unused variable ‘CLASS’ [-Wunused-variable]
TagLib.c:8887:16: warning: unused variable ‘Perl___notused’ [-Wunused-variable]
TagLib.c: In function ‘void XS_Audio__TagLib__FLAC__File_DESTROY(PerlInterpreter*, CV*)’:
TagLib.c:9008:16: warning: unused variable ‘Perl___notused’ [-Wunused-variable]
TagLib.c: In function ‘void XS_Audio__TagLib__FLAC__File_tag(PerlInterpreter*, CV*)’:
TagLib.c:9034:16: warning: unused variable ‘Perl___notused’ [-Wunused-variable]
TagLib.c: In function ‘void XS_Audio__TagLib__FLAC__File_audioProperties(PerlInterpreter*, CV*)’:
TagLib.c:9071:16: warning: unused variable ‘Perl___notused’ [-Wunused-variable]
TagLib.c: In function ‘void XS_Audio__TagLib__FLAC__File_save(PerlInterpreter*, CV*)’:
TagLib.c:9108:16: warning: unused variable ‘Perl___notused’ [-Wunused-variable]
TagLib.c: In function ‘void XS_Audio__TagLib__FLAC__File_ID3v2Tag(PerlInterpreter*, CV*)’:
TagLib.c:9136:16: warning: unused variable ‘Perl___notused’ [-Wunused-variable]
TagLib.c: In function ‘void XS_Audio__TagLib__FLAC__File_ID3v1Tag(PerlInterpreter*, CV*)’:
TagLib.c:9180:16: warning: unused variable ‘Perl___notused’ [-Wunused-variable]
TagLib.c: In function ‘void XS_Audio__TagLib__FLAC__File_xiphComment(PerlInterpreter*, CV*)’:
TagLib.c:9224:16: warning: unused variable ‘Perl___notused’ [-Wunused-variable]
TagLib.c: In function ‘void XS_Audio__TagLib__FLAC__File_setID3v2FrameFactory(PerlInterpreter*, CV*)’:
TagLib.c:9268:16: warning: unused variable ‘Perl___notused’ [-Wunused-variable]
TagLib.c: In function ‘void XS_Audio__TagLib__FLAC__File_streamInfoData(PerlInterpreter*, CV*)’:
TagLib.c:9299:16: warning: unused variable ‘Perl___notused’ [-Wunused-variable]
TagLib.c: In function ‘void XS_Audio__TagLib__FLAC__File_streamLength(PerlInterpreter*, CV*)’:
TagLib.c:9327:16: warning: unused variable ‘Perl___notused’ [-Wunused-variable]
./xs/fileref.xs: In function ‘void XS_Audio__TagLib__FileRef_new(PerlInterpreter*, CV*)’:
./xs/fileref.xs:17:17: warning: deprecated conversion from string constant to ‘char*’ [-Wwrite-strings]
TagLib.c:9373:9: warning: unused variable ‘CLASS’ [-Wunused-variable]
TagLib.c:9360:16: warning: unused variable ‘Perl___notused’ [-Wunused-variable]
TagLib.c: In function ‘void XS_Audio__TagLib__FileRef_DESTROY(PerlInterpreter*, CV*)’:
TagLib.c:9454:16: warning: unused variable ‘Perl___notused’ [-Wunused-variable]
TagLib.c: In function ‘void XS_Audio__TagLib__FileRef_tag(PerlInterpreter*, CV*)’:
TagLib.c:9493:7: warning: unused variable ‘RETVAL’ [-Wunused-variable]
TagLib.c:9480:16: warning: unused variable ‘Perl___notused’ [-Wunused-variable]
TagLib.c: In function ‘void XS_Audio__TagLib__FileRef_audioProperties(PerlInterpreter*, CV*)’:
TagLib.c:9537:7: warning: unused variable ‘RETVAL’ [-Wunused-variable]
TagLib.c:9524:16: warning: unused variable ‘Perl___notused’ [-Wunused-variable]
TagLib.c: In function ‘void XS_Audio__TagLib__FileRef_file(PerlInterpreter*, CV*)’:
TagLib.c:9581:7: warning: unused variable ‘RETVAL’ [-Wunused-variable]
TagLib.c:9568:16: warning: unused variable ‘Perl___notused’ [-Wunused-variable]
TagLib.c: In function ‘void XS_Audio__TagLib__FileRef_save(PerlInterpreter*, CV*)’:
TagLib.c:9612:16: warning: unused variable ‘Perl___notused’ [-Wunused-variable]
TagLib.c: In function ‘void XS_Audio__TagLib__FileRef_isNull(PerlInterpreter*, CV*)’:
TagLib.c:9640:16: warning: unused variable ‘Perl___notused’ [-Wunused-variable]
TagLib.c: In function ‘void XS_Audio__TagLib__FileRef_copy(PerlInterpreter*, CV*)’:
TagLib.c:9668:16: warning: unused variable ‘Perl___notused’ [-Wunused-variable]
TagLib.c: In function ‘void XS_Audio__TagLib__FileRef__equal(PerlInterpreter*, CV*)’:
TagLib.c:9703:16: warning: unused variable ‘Perl___notused’ [-Wunused-variable]
TagLib.c: In function ‘void XS_Audio__TagLib__FileRef_addFileTypeResolver(PerlInterpreter*, CV*)’:
TagLib.c:9752:9: warning: unused variable ‘CLASS’ [-Wunused-variable]
TagLib.c:9744:16: warning: unused variable ‘Perl___notused’ [-Wunused-variable]
TagLib.c: In function ‘void XS_Audio__TagLib__FileRef_defaultFileExtensions(PerlInterpreter*, CV*)’:
TagLib.c:9780:9: warning: unused variable ‘CLASS’ [-Wunused-variable]
TagLib.c:9773:16: warning: unused variable ‘Perl___notused’ [-Wunused-variable]
TagLib.c: In function ‘void XS_Audio__TagLib__FileRef_create(PerlInterpreter*, CV*)’:
TagLib.c:9807:9: warning: unused variable ‘CLASS’ [-Wunused-variable]
TagLib.c:9797:16: warning: unused variable ‘Perl___notused’ [-Wunused-variable]
TagLib.c: In function ‘void XS_Audio__TagLib__FileRef__FileTypeResolver_createFile(PerlInterpreter*, CV*)’:
TagLib.c:9844:16: warning: unused variable ‘Perl___notused’ [-Wunused-variable]
TagLib.c: In function ‘void XS_Audio__TagLib__File_DESTROY(PerlInterpreter*, CV*)’:
TagLib.c:9911:16: warning: unused variable ‘Perl___notused’ [-Wunused-variable]
TagLib.c: In function ‘void XS_Audio__TagLib__File_name(PerlInterpreter*, CV*)’:
TagLib.c:9938:16: warning: unused variable ‘Perl___notused’ [-Wunused-variable]
TagLib.c: In function ‘void XS_Audio__TagLib__File_tag(PerlInterpreter*, CV*)’:
TagLib.c:9966:16: warning: unused variable ‘Perl___notused’ [-Wunused-variable]
TagLib.c: In function ‘void XS_Audio__TagLib__File_audioProperties(PerlInterpreter*, CV*)’:
TagLib.c:9993:16: warning: unused variable ‘Perl___notused’ [-Wunused-variable]
TagLib.c: In function ‘void XS_Audio__TagLib__File_save(PerlInterpreter*, CV*)’:
TagLib.c:10020:16: warning: unused variable ‘Perl___notused’ [-Wunused-variable]
TagLib.c: In function ‘void XS_Audio__TagLib__File_readBlock(PerlInterpreter*, CV*)’:
TagLib.c:10047:16: warning: unused variable ‘Perl___notused’ [-Wunused-variable]
TagLib.c: In function ‘void XS_Audio__TagLib__File_writeBlock(PerlInterpreter*, CV*)’:
TagLib.c:10076:16: warning: unused variable ‘Perl___notused’ [-Wunused-variable]
TagLib.c: In function ‘void XS_Audio__TagLib__File_find(PerlInterpreter*, CV*)’:
TagLib.c:10107:16: warning: unused variable ‘Perl___notused’ [-Wunused-variable]
TagLib.c: In function ‘void XS_Audio__TagLib__File_rfind(PerlInterpreter*, CV*)’:
TagLib.c:10158:16: warning: unused variable ‘Perl___notused’ [-Wunused-variable]
TagLib.c: In function ‘void XS_Audio__TagLib__File_insert(PerlInterpreter*, CV*)’:
TagLib.c:10209:16: warning: unused variable ‘Perl___notused’ [-Wunused-variable]
TagLib.c: In function ‘void XS_Audio__TagLib__File_removeBlock(PerlInterpreter*, CV*)’:
TagLib.c:10254:16: warning: unused variable ‘Perl___notused’ [-Wunused-variable]
TagLib.c: In function ‘void XS_Audio__TagLib__File_readOnly(PerlInterpreter*, CV*)’:
TagLib.c:10293:16: warning: unused variable ‘Perl___notused’ [-Wunused-variable]
TagLib.c: In function ‘void XS_Audio__TagLib__File_isOpen(PerlInterpreter*, CV*)’:
TagLib.c:10321:16: warning: unused variable ‘Perl___notused’ [-Wunused-variable]
TagLib.c: In function ‘void XS_Audio__TagLib__File_isValid(PerlInterpreter*, CV*)’:
TagLib.c:10349:16: warning: unused variable ‘Perl___notused’ [-Wunused-variable]
TagLib.c: In function ‘void XS_Audio__TagLib__File_seek(PerlInterpreter*, CV*)’:
TagLib.c:10377:16: warning: unused variable ‘Perl___notused’ [-Wunused-variable]
TagLib.c: In function ‘void XS_Audio__TagLib__File_clear(PerlInterpreter*, CV*)’:
TagLib.c:10419:16: warning: unused variable ‘Perl___notused’ [-Wunused-variable]
TagLib.c: In function ‘void XS_Audio__TagLib__File_tell(PerlInterpreter*, CV*)’:
TagLib.c:10444:16: warning: unused variable ‘Perl___notused’ [-Wunused-variable]
TagLib.c: In function ‘void XS_Audio__TagLib__File_length(PerlInterpreter*, CV*)’:
TagLib.c:10472:16: warning: unused variable ‘Perl___notused’ [-Wunused-variable]
TagLib.c: In function ‘void XS_Audio__TagLib__File__setReadOnly(PerlInterpreter*, CV*)’:
TagLib.c:10500:16: warning: unused variable ‘Perl___notused’ [-Wunused-variable]
TagLib.c: In function ‘void XS_Audio__TagLib__File_isReadable(PerlInterpreter*, CV*)’:
TagLib.c:10533:9: warning: unused variable ‘CLASS’ [-Wunused-variable]
TagLib.c:10525:16: warning: unused variable ‘Perl___notused’ [-Wunused-variable]
TagLib.c: In function ‘void XS_Audio__TagLib__File_isWritable(PerlInterpreter*, CV*)’:
TagLib.c:10557:9: warning: unused variable ‘CLASS’ [-Wunused-variable]
TagLib.c:10549:16: warning: unused variable ‘Perl___notused’ [-Wunused-variable]
TagLib.c: In function ‘void XS_Audio__TagLib__ID3v2__FrameFactory_createFrame(PerlInterpreter*, CV*)’:
TagLib.c:10593:16: warning: unused variable ‘Perl___notused’ [-Wunused-variable]
TagLib.c: In function ‘void XS_Audio__TagLib__ID3v2__FrameFactory_DESTROY(PerlInterpreter*, CV*)’:
TagLib.c:10653:16: warning: unused variable ‘Perl___notused’ [-Wunused-variable]
TagLib.c: In function ‘void XS_Audio__TagLib__ID3v2__FrameFactory_defaultTextEncoding(PerlInterpreter*, CV*)’:
TagLib.c:10678:16: warning: unused variable ‘Perl___notused’ [-Wunused-variable]
TagLib.c: In function ‘void XS_Audio__TagLib__ID3v2__FrameFactory_setDefaultTextEncoding(PerlInterpreter*, CV*)’:
TagLib.c:10722:16: warning: unused variable ‘Perl___notused’ [-Wunused-variable]
TagLib.c: In function ‘void XS_Audio__TagLib__ID3v2__FrameFactory_instance(PerlInterpreter*, CV*)’:
TagLib.c:10770:9: warning: unused variable ‘CLASS’ [-Wunused-variable]
TagLib.c:10763:16: warning: unused variable ‘Perl___notused’ [-Wunused-variable]
TagLib.c: In function ‘void XS_Audio__TagLib__ID3v2__Frame_DESTROY(PerlInterpreter*, CV*)’:
TagLib.c:10791:16: warning: unused variable ‘Perl___notused’ [-Wunused-variable]
TagLib.c: In function ‘void XS_Audio__TagLib__ID3v2__Frame_frameID(PerlInterpreter*, CV*)’:
TagLib.c:10817:16: warning: unused variable ‘Perl___notused’ [-Wunused-variable]
TagLib.c: In function ‘void XS_Audio__TagLib__ID3v2__Frame_size(PerlInterpreter*, CV*)’:
TagLib.c:10845:16: warning: unused variable ‘Perl___notused’ [-Wunused-variable]
TagLib.c: In function ‘void XS_Audio__TagLib__ID3v2__Frame_setData(PerlInterpreter*, CV*)’:
TagLib.c:10873:16: warning: unused variable ‘Perl___notused’ [-Wunused-variable]
TagLib.c: In function ‘void XS_Audio__TagLib__ID3v2__Frame_setText(PerlInterpreter*, CV*)’:
TagLib.c:10904:16: warning: unused variable ‘Perl___notused’ [-Wunused-variable]
TagLib.c: In function ‘void XS_Audio__TagLib__ID3v2__Frame_toString(PerlInterpreter*, CV*)’:
TagLib.c:10935:16: warning: unused variable ‘Perl___notused’ [-Wunused-variable]
TagLib.c: In function ‘void XS_Audio__TagLib__ID3v2__Frame_render(PerlInterpreter*, CV*)’:
TagLib.c:10963:16: warning: unused variable ‘Perl___notused’ [-Wunused-variable]
TagLib.c: In function ‘void XS_Audio__TagLib__ID3v2__Frame_headerSize(PerlInterpreter*, CV*)’:
TagLib.c:11001:9: warning: unused variable ‘CLASS’ [-Wunused-variable]
TagLib.c:10991:16: warning: unused variable ‘Perl___notused’ [-Wunused-variable]
TagLib.c: In function ‘void XS_Audio__TagLib__ID3v2__Frame_textDelimiter(PerlInterpreter*, CV*)’:
TagLib.c:11038:9: warning: unused variable ‘CLASS’ [-Wunused-variable]
TagLib.c:11030:16: warning: unused variable ‘Perl___notused’ [-Wunused-variable]
TagLib.c: In function ‘void XS_Audio__TagLib__ID3v2__Header_new(PerlInterpreter*, CV*)’:
TagLib.c:11085:9: warning: unused variable ‘CLASS’ [-Wunused-variable]
TagLib.c:11075:16: warning: unused variable ‘Perl___notused’ [-Wunused-variable]
TagLib.c: In function ‘void XS_Audio__TagLib__ID3v2__Header_DESTROY(PerlInterpreter*, CV*)’:
TagLib.c:11117:16: warning: unused variable ‘Perl___notused’ [-Wunused-variable]
TagLib.c: In function ‘void XS_Audio__TagLib__ID3v2__Header_majorVersion(PerlInterpreter*, CV*)’:
TagLib.c:11143:16: warning: unused variable ‘Perl___notused’ [-Wunused-variable]
TagLib.c: In function ‘void XS_Audio__TagLib__ID3v2__Header_revisionNumber(PerlInterpreter*, CV*)’:
TagLib.c:11171:16: warning: unused variable ‘Perl___notused’ [-Wunused-variable]
TagLib.c: In function ‘void XS_Audio__TagLib__ID3v2__Header_unsynchronisation(PerlInterpreter*, CV*)’:
TagLib.c:11199:16: warning: unused variable ‘Perl___notused’ [-Wunused-variable]
TagLib.c: In function ‘void XS_Audio__TagLib__ID3v2__Header_extendedHeader(PerlInterpreter*, CV*)’:
TagLib.c:11227:16: warning: unused variable ‘Perl___notused’ [-Wunused-variable]
TagLib.c: In function ‘void XS_Audio__TagLib__ID3v2__Header_experimentalIndicator(PerlInterpreter*, CV*)’:
TagLib.c:11255:16: warning: unused variable ‘Perl___notused’ [-Wunused-variable]
TagLib.c: In function ‘void XS_Audio__TagLib__ID3v2__Header_footerPresent(PerlInterpreter*, CV*)’:
TagLib.c:11283:16: warning: unused variable ‘Perl___notused’ [-Wunused-variable]
TagLib.c: In function ‘void XS_Audio__TagLib__ID3v2__Header_tagSize(PerlInterpreter*, CV*)’:
TagLib.c:11311:16: warning: unused variable ‘Perl___notused’ [-Wunused-variable]
TagLib.c: In function ‘void XS_Audio__TagLib__ID3v2__Header_completeTagSize(PerlInterpreter*, CV*)’:
TagLib.c:11339:16: warning: unused variable ‘Perl___notused’ [-Wunused-variable]
TagLib.c: In function ‘void XS_Audio__TagLib__ID3v2__Header_setTagSize(PerlInterpreter*, CV*)’:
TagLib.c:11367:16: warning: unused variable ‘Perl___notused’ [-Wunused-variable]
TagLib.c: In function ‘void XS_Audio__TagLib__ID3v2__Header_setData(PerlInterpreter*, CV*)’:
TagLib.c:11393:16: warning: unused variable ‘Perl___notused’ [-Wunused-variable]
TagLib.c: In function ‘void XS_Audio__TagLib__ID3v2__Header_render(PerlInterpreter*, CV*)’:
TagLib.c:11424:16: warning: unused variable ‘Perl___notused’ [-Wunused-variable]
TagLib.c: In function ‘void XS_Audio__TagLib__ID3v2__Header_size(PerlInterpreter*, CV*)’:
TagLib.c:11459:9: warning: unused variable ‘CLASS’ [-Wunused-variable]
TagLib.c:11452:16: warning: unused variable ‘Perl___notused’ [-Wunused-variable]
TagLib.c: In function ‘void XS_Audio__TagLib__ID3v2__Header_fileIdentifier(PerlInterpreter*, CV*)’:
TagLib.c:11482:9: warning: unused variable ‘CLASS’ [-Wunused-variable]
TagLib.c:11475:16: warning: unused variable ‘Perl___notused’ [-Wunused-variable]
TagLib.c: In function ‘void XS_Audio__TagLib__ID3v2__Footer_new(PerlInterpreter*, CV*)’:
TagLib.c:11511:9: warning: unused variable ‘CLASS’ [-Wunused-variable]
TagLib.c:11504:16: warning: unused variable ‘Perl___notused’ [-Wunused-variable]
TagLib.c: In function ‘void XS_Audio__TagLib__ID3v2__Footer_DESTROY(PerlInterpreter*, CV*)’:
TagLib.c:11527:16: warning: unused variable ‘Perl___notused’ [-Wunused-variable]
TagLib.c: In function ‘void XS_Audio__TagLib__ID3v2__Footer_render(PerlInterpreter*, CV*)’:
TagLib.c:11553:16: warning: unused variable ‘Perl___notused’ [-Wunused-variable]
TagLib.c: In function ‘void XS_Audio__TagLib__ID3v2__Footer_size(PerlInterpreter*, CV*)’:
TagLib.c:11594:9: warning: unused variable ‘CLASS’ [-Wunused-variable]
TagLib.c:11587:16: warning: unused variable ‘Perl___notused’ [-Wunused-variable]
TagLib.c: In function ‘void XS_Audio__TagLib__ID3v2__ExtendedHeader_new(PerlInterpreter*, CV*)’:
TagLib.c:11622:9: warning: unused variable ‘CLASS’ [-Wunused-variable]
TagLib.c:11615:16: warning: unused variable ‘Perl___notused’ [-Wunused-variable]
TagLib.c: In function ‘void XS_Audio__TagLib__ID3v2__ExtendedHeader_DESTROY(PerlInterpreter*, CV*)’:
TagLib.c:11638:16: warning: unused variable ‘Perl___notused’ [-Wunused-variable]
TagLib.c: In function ‘void XS_Audio__TagLib__ID3v2__ExtendedHeader_size(PerlInterpreter*, CV*)’:
TagLib.c:11664:16: warning: unused variable ‘Perl___notused’ [-Wunused-variable]
TagLib.c: In function ‘void XS_Audio__TagLib__ID3v2__ExtendedHeader_setData(PerlInterpreter*, CV*)’:
TagLib.c:11692:16: warning: unused variable ‘Perl___notused’ [-Wunused-variable]
TagLib.c: In function ‘void XS_Audio__TagLib__Ogg__FieldListMap__Iterator_new(PerlInterpreter*, CV*)’:
TagLib.c:11777:9: warning: unused variable ‘CLASS’ [-Wunused-variable]
TagLib.c:11767:16: warning: unused variable ‘Perl___notused’ [-Wunused-variable]
TagLib.c: In function ‘void XS_Audio__TagLib__Ogg__FieldListMap__Iterator_DESTROY(PerlInterpreter*, CV*)’:
TagLib.c:11809:16: warning: unused variable ‘Perl___notused’ [-Wunused-variable]
TagLib.c: In function ‘void XS_Audio__TagLib__Ogg__FieldListMap__Iterator_data(PerlInterpreter*, CV*)’:
TagLib.c:11835:16: warning: unused variable ‘Perl___notused’ [-Wunused-variable]
TagLib.c: In function ‘void XS_Audio__TagLib__Ogg__FieldListMap__Iterator_next(PerlInterpreter*, CV*)’:
TagLib.c:11869:16: warning: unused variable ‘Perl___notused’ [-Wunused-variable]
TagLib.c: In function ‘void XS_Audio__TagLib__Ogg__FieldListMap__Iterator_last(PerlInterpreter*, CV*)’:
TagLib.c:11901:16: warning: unused variable ‘Perl___notused’ [-Wunused-variable]
TagLib.c: In function ‘void XS_Audio__TagLib__Ogg__FieldListMap_new(PerlInterpreter*, CV*)’:
TagLib.c:12230:9: warning: unused variable ‘CLASS’ [-Wunused-variable]
TagLib.c:12220:16: warning: unused variable ‘Perl___notused’ [-Wunused-variable]
TagLib.c: In function ‘void XS_Audio__TagLib__Ogg__FieldListMap_DESTROY(PerlInterpreter*, CV*)’:
TagLib.c:12262:16: warning: unused variable ‘Perl___notused’ [-Wunused-variable]
TagLib.c: In function ‘void XS_Audio__TagLib__Ogg__FieldListMap_begin(PerlInterpreter*, CV*)’:
TagLib.c:12288:16: warning: unused variable ‘Perl___notused’ [-Wunused-variable]
TagLib.c: In function ‘void XS_Audio__TagLib__Ogg__FieldListMap_end(PerlInterpreter*, CV*)’:
TagLib.c:12316:16: warning: unused variable ‘Perl___notused’ [-Wunused-variable]
TagLib.c: In function ‘void XS_Audio__TagLib__Ogg__FieldListMap_insert(PerlInterpreter*, CV*)’:
TagLib.c:12344:16: warning: unused variable ‘Perl___notused’ [-Wunused-variable]
TagLib.c: In function ‘void XS_Audio__TagLib__Ogg__FieldListMap_clear(PerlInterpreter*, CV*)’:
TagLib.c:12381:16: warning: unused variable ‘Perl___notused’ [-Wunused-variable]
TagLib.c: In function ‘void XS_Audio__TagLib__Ogg__FieldListMap_size(PerlInterpreter*, CV*)’:
TagLib.c:12406:16: warning: unused variable ‘Perl___notused’ [-Wunused-variable]
TagLib.c: In function ‘void XS_Audio__TagLib__Ogg__FieldListMap_isEmpty(PerlInterpreter*, CV*)’:
TagLib.c:12434:16: warning: unused variable ‘Perl___notused’ [-Wunused-variable]
TagLib.c: In function ‘void XS_Audio__TagLib__Ogg__FieldListMap_find(PerlInterpreter*, CV*)’:
TagLib.c:12462:16: warning: unused variable ‘Perl___notused’ [-Wunused-variable]
TagLib.c: In function ‘void XS_Audio__TagLib__Ogg__FieldListMap_contains(PerlInterpreter*, CV*)’:
TagLib.c:12496:16: warning: unused variable ‘Perl___notused’ [-Wunused-variable]
TagLib.c: In function ‘void XS_Audio__TagLib__Ogg__FieldListMap_erase(PerlInterpreter*, CV*)’:
TagLib.c:12530:16: warning: unused variable ‘Perl___notused’ [-Wunused-variable]
TagLib.c: In function ‘void XS_Audio__TagLib__Ogg__FieldListMap_getItem(PerlInterpreter*, CV*)’:
TagLib.c:12562:16: warning: unused variable ‘Perl___notused’ [-Wunused-variable]
TagLib.c: In function ‘void XS_Audio__TagLib__Ogg__FieldListMap_copy(PerlInterpreter*, CV*)’:
TagLib.c:12602:16: warning: unused variable ‘Perl___notused’ [-Wunused-variable]
TagLib.c: In function ‘void XS_Audio__TagLib__Ogg__FieldListMap_TIEHASH(PerlInterpreter*, CV*)’:
TagLib.c:12650:9: warning: unused variable ‘CLASS’ [-Wunused-variable]
TagLib.c:12638:16: warning: unused variable ‘Perl___notused’ [-Wunused-variable]
TagLib.c: In function ‘void XS_Audio__TagLib__Ogg__FieldListMap_FETCH(PerlInterpreter*, CV*)’:
TagLib.c:12688:16: warning: unused variable ‘Perl___notused’ [-Wunused-variable]
TagLib.c: In function ‘void XS_Audio__TagLib__Ogg__FieldListMap_STORE(PerlInterpreter*, CV*)’:
TagLib.c:12733:16: warning: unused variable ‘Perl___notused’ [-Wunused-variable]
TagLib.c: In function ‘void XS_Audio__TagLib__Ogg__FieldListMap_DELETE(PerlInterpreter*, CV*)’:
TagLib.c:12770:16: warning: unused variable ‘Perl___notused’ [-Wunused-variable]
TagLib.c: In function ‘void XS_Audio__TagLib__Ogg__FieldListMap_CLEAR(PerlInterpreter*, CV*)’:
TagLib.c:12802:16: warning: unused variable ‘Perl___notused’ [-Wunused-variable]
TagLib.c: In function ‘void XS_Audio__TagLib__Ogg__FieldListMap_EXISTS(PerlInterpreter*, CV*)’:
TagLib.c:12827:16: warning: unused variable ‘Perl___notused’ [-Wunused-variable]
TagLib.c: In function ‘void XS_Audio__TagLib__Ogg__FieldListMap_FIRSTKEY(PerlInterpreter*, CV*)’:
TagLib.c:12861:16: warning: unused variable ‘Perl___notused’ [-Wunused-variable]
TagLib.c: In function ‘void XS_Audio__TagLib__Ogg__FieldListMap_NEXTKEY(PerlInterpreter*, CV*)’:
TagLib.c:12912:19: warning: unused variable ‘RETVAL’ [-Wunused-variable]
TagLib.c:12900:16: warning: unused variable ‘Perl___notused’ [-Wunused-variable]
TagLib.c: In function ‘void XS_Audio__TagLib__Ogg__FieldListMap_SCALAR(PerlInterpreter*, CV*)’:
TagLib.c:12942:16: warning: unused variable ‘Perl___notused’ [-Wunused-variable]
TagLib.c: In function ‘void XS_Audio__TagLib__Ogg__XiphComment_new(PerlInterpreter*, CV*)’:
TagLib.c:12986:9: warning: unused variable ‘CLASS’ [-Wunused-variable]
TagLib.c:12976:16: warning: unused variable ‘Perl___notused’ [-Wunused-variable]
TagLib.c: In function ‘void XS_Audio__TagLib__Ogg__XiphComment_DESTROY(PerlInterpreter*, CV*)’:
TagLib.c:13014:16: warning: unused variable ‘Perl___notused’ [-Wunused-variable]
TagLib.c: In function ‘void XS_Audio__TagLib__Ogg__XiphComment_title(PerlInterpreter*, CV*)’:
TagLib.c:13040:16: warning: unused variable ‘Perl___notused’ [-Wunused-variable]
TagLib.c: In function ‘void XS_Audio__TagLib__Ogg__XiphComment_artist(PerlInterpreter*, CV*)’:
TagLib.c:13068:16: warning: unused variable ‘Perl___notused’ [-Wunused-variable]
TagLib.c: In function ‘void XS_Audio__TagLib__Ogg__XiphComment_album(PerlInterpreter*, CV*)’:
TagLib.c:13096:16: warning: unused variable ‘Perl___notused’ [-Wunused-variable]
TagLib.c: In function ‘void XS_Audio__TagLib__Ogg__XiphComment_comment(PerlInterpreter*, CV*)’:
TagLib.c:13124:16: warning: unused variable ‘Perl___notused’ [-Wunused-variable]
TagLib.c: In function ‘void XS_Audio__TagLib__Ogg__XiphComment_genre(PerlInterpreter*, CV*)’:
TagLib.c:13152:16: warning: unused variable ‘Perl___notused’ [-Wunused-variable]
TagLib.c: In function ‘void XS_Audio__TagLib__Ogg__XiphComment_year(PerlInterpreter*, CV*)’:
TagLib.c:13180:16: warning: unused variable ‘Perl___notused’ [-Wunused-variable]
TagLib.c: In function ‘void XS_Audio__TagLib__Ogg__XiphComment_track(PerlInterpreter*, CV*)’:
TagLib.c:13208:16: warning: unused variable ‘Perl___notused’ [-Wunused-variable]
TagLib.c: In function ‘void XS_Audio__TagLib__Ogg__XiphComment_setTitle(PerlInterpreter*, CV*)’:
TagLib.c:13236:16: warning: unused variable ‘Perl___notused’ [-Wunused-variable]
TagLib.c: In function ‘void XS_Audio__TagLib__Ogg__XiphComment_setArtist(PerlInterpreter*, CV*)’:
TagLib.c:13267:16: warning: unused variable ‘Perl___notused’ [-Wunused-variable]
TagLib.c: In function ‘void XS_Audio__TagLib__Ogg__XiphComment_setAlbum(PerlInterpreter*, CV*)’:
TagLib.c:13298:16: warning: unused variable ‘Perl___notused’ [-Wunused-variable]
TagLib.c: In function ‘void XS_Audio__TagLib__Ogg__XiphComment_setComment(PerlInterpreter*, CV*)’:
TagLib.c:13329:16: warning: unused variable ‘Perl___notused’ [-Wunused-variable]
TagLib.c: In function ‘void XS_Audio__TagLib__Ogg__XiphComment_setGenre(PerlInterpreter*, CV*)’:
TagLib.c:13360:16: warning: unused variable ‘Perl___notused’ [-Wunused-variable]
TagLib.c: In function ‘void XS_Audio__TagLib__Ogg__XiphComment_setYear(PerlInterpreter*, CV*)’:
TagLib.c:13391:16: warning: unused variable ‘Perl___notused’ [-Wunused-variable]
TagLib.c: In function ‘void XS_Audio__TagLib__Ogg__XiphComment_setTrack(PerlInterpreter*, CV*)’:
TagLib.c:13417:16: warning: unused variable ‘Perl___notused’ [-Wunused-variable]
TagLib.c: In function ‘void XS_Audio__TagLib__Ogg__XiphComment_isEmpty(PerlInterpreter*, CV*)’:
TagLib.c:13443:16: warning: unused variable ‘Perl___notused’ [-Wunused-variable]
TagLib.c: In function ‘void XS_Audio__TagLib__Ogg__XiphComment_fieldCount(PerlInterpreter*, CV*)’:
TagLib.c:13471:16: warning: unused variable ‘Perl___notused’ [-Wunused-variable]
TagLib.c: In function ‘void XS_Audio__TagLib__Ogg__XiphComment_fieldListMap(PerlInterpreter*, CV*)’:
TagLib.c:13499:16: warning: unused variable ‘Perl___notused’ [-Wunused-variable]
TagLib.c: In function ‘void XS_Audio__TagLib__Ogg__XiphComment_vendorID(PerlInterpreter*, CV*)’:
TagLib.c:13533:16: warning: unused variable ‘Perl___notused’ [-Wunused-variable]
TagLib.c: In function ‘void XS_Audio__TagLib__Ogg__XiphComment_addField(PerlInterpreter*, CV*)’:
TagLib.c:13561:16: warning: unused variable ‘Perl___notused’ [-Wunused-variable]
TagLib.c: In function ‘void XS_Audio__TagLib__Ogg__XiphComment_removeField(PerlInterpreter*, CV*)’:
TagLib.c:13605:16: warning: unused variable ‘Perl___notused’ [-Wunused-variable]
TagLib.c: In function ‘void XS_Audio__TagLib__Ogg__XiphComment_render(PerlInterpreter*, CV*)’:
TagLib.c:13646:16: warning: unused variable ‘Perl___notused’ [-Wunused-variable]
TagLib.c: In function ‘void XS_Audio__TagLib__ID3v2__RelativeVolumeFrame_new(PerlInterpreter*, CV*)’:
TagLib.c:13696:9: warning: unused variable ‘CLASS’ [-Wunused-variable]
TagLib.c:13686:16: warning: unused variable ‘Perl___notused’ [-Wunused-variable]
TagLib.c: In function ‘void XS_Audio__TagLib__ID3v2__RelativeVolumeFrame_DESTROY(PerlInterpreter*, CV*)’:
TagLib.c:13728:16: warning: unused variable ‘Perl___notused’ [-Wunused-variable]
TagLib.c: In function ‘void XS_Audio__TagLib__ID3v2__RelativeVolumeFrame_toString(PerlInterpreter*, CV*)’:
TagLib.c:13754:16: warning: unused variable ‘Perl___notused’ [-Wunused-variable]
./xs/id3v2relativevolumeframe.xs: In function ‘void XS_Audio__TagLib__ID3v2__RelativeVolumeFrame_channels(PerlInterpreter*, CV*)’:
./xs/id3v2relativevolumeframe.xs:71:30: warning: comparison between signed and unsigned integer expressions [-Wsign-compare]
TagLib.c:13782:16: warning: unused variable ‘Perl___notused’ [-Wunused-variable]
TagLib.c: In function ‘void XS_Audio__TagLib__ID3v2__RelativeVolumeFrame_channelType(PerlInterpreter*, CV*)’:
TagLib.c:13863:16: warning: unused variable ‘Perl___notused’ [-Wunused-variable]
TagLib.c: In function ‘void XS_Audio__TagLib__ID3v2__RelativeVolumeFrame_setChannelType(PerlInterpreter*, CV*)’:
TagLib.c:13919:16: warning: unused variable ‘Perl___notused’ [-Wunused-variable]
TagLib.c: In function ‘void XS_Audio__TagLib__ID3v2__RelativeVolumeFrame_volumeAdjustmentIndex(PerlInterpreter*, CV*)’:
TagLib.c:13968:16: warning: unused variable ‘Perl___notused’ [-Wunused-variable]
TagLib.c: In function ‘void XS_Audio__TagLib__ID3v2__RelativeVolumeFrame_setVolumeAdjustmentIndex(PerlInterpreter*, CV*)’:
TagLib.c:14020:16: warning: unused variable ‘Perl___notused’ [-Wunused-variable]
TagLib.c: In function ‘void XS_Audio__TagLib__ID3v2__RelativeVolumeFrame_volumeAdjustment(PerlInterpreter*, CV*)’:
TagLib.c:14070:16: warning: unused variable ‘Perl___notused’ [-Wunused-variable]
TagLib.c: In function ‘void XS_Audio__TagLib__ID3v2__RelativeVolumeFrame_setVolumeAdjustment(PerlInterpreter*, CV*)’:
TagLib.c:14122:16: warning: unused variable ‘Perl___notused’ [-Wunused-variable]
TagLib.c: In function ‘void XS_Audio__TagLib__ID3v2__RelativeVolumeFrame_peakVolume(PerlInterpreter*, CV*)’:
TagLib.c:14172:16: warning: unused variable ‘Perl___notused’ [-Wunused-variable]
TagLib.c: In function ‘void XS_Audio__TagLib__ID3v2__RelativeVolumeFrame_setPeakVolume(PerlInterpreter*, CV*)’:
TagLib.c:14231:16: warning: unused variable ‘Perl___notused’ [-Wunused-variable]
TagLib.c: In function ‘void XS_Audio__TagLib__ID3v2__RelativeVolumeFrame__PeakVolume_new(PerlInterpreter*, CV*)’:
TagLib.c:14293:9: warning: unused variable ‘CLASS’ [-Wunused-variable]
TagLib.c:14286:16: warning: unused variable ‘Perl___notused’ [-Wunused-variable]
TagLib.c: In function ‘void XS_Audio__TagLib__ID3v2__RelativeVolumeFrame__PeakVolume_DESTROY(PerlInterpreter*, CV*)’:
TagLib.c:14309:16: warning: unused variable ‘Perl___notused’ [-Wunused-variable]
TagLib.c: In function ‘void XS_Audio__TagLib__ID3v2__RelativeVolumeFrame__PeakVolume_bitsRepresentingPeak(PerlInterpreter*, CV*)’:
TagLib.c:14335:16: warning: unused variable ‘Perl___notused’ [-Wunused-variable]
TagLib.c: In function ‘void XS_Audio__TagLib__ID3v2__RelativeVolumeFrame__PeakVolume_setBitsRepresentingPeak(PerlInterpreter*, CV*)’:
TagLib.c:14363:16: warning: unused variable ‘Perl___notused’ [-Wunused-variable]
TagLib.c: In function ‘void XS_Audio__TagLib__ID3v2__RelativeVolumeFrame__PeakVolume_peakVolume(PerlInterpreter*, CV*)’:
TagLib.c:14389:16: warning: unused variable ‘Perl___notused’ [-Wunused-variable]
TagLib.c: In function ‘void XS_Audio__TagLib__ID3v2__RelativeVolumeFrame__PeakVolume_setPeakVolume(PerlInterpreter*, CV*)’:
TagLib.c:14423:16: warning: unused variable ‘Perl___notused’ [-Wunused-variable]
TagLib.c: In function ‘void XS_Audio__TagLib__ID3v2__FrameList__Iterator_new(PerlInterpreter*, CV*)’:
TagLib.c:14475:9: warning: unused variable ‘CLASS’ [-Wunused-variable]
TagLib.c:14465:16: warning: unused variable ‘Perl___notused’ [-Wunused-variable]
TagLib.c: In function ‘void XS_Audio__TagLib__ID3v2__FrameList__Iterator_DESTROY(PerlInterpreter*, CV*)’:
TagLib.c:14507:16: warning: unused variable ‘Perl___notused’ [-Wunused-variable]
TagLib.c: In function ‘void XS_Audio__TagLib__ID3v2__FrameList__Iterator_data(PerlInterpreter*, CV*)’:
TagLib.c:14533:16: warning: unused variable ‘Perl___notused’ [-Wunused-variable]
TagLib.c: In function ‘void XS_Audio__TagLib__ID3v2__FrameList__Iterator_next(PerlInterpreter*, CV*)’:
TagLib.c:14567:16: warning: unused variable ‘Perl___notused’ [-Wunused-variable]
TagLib.c: In function ‘void XS_Audio__TagLib__ID3v2__FrameList__Iterator_last(PerlInterpreter*, CV*)’:
TagLib.c:14599:16: warning: unused variable ‘Perl___notused’ [-Wunused-variable]
TagLib.c: In function ‘void XS_Audio__TagLib__ID3v2__FrameList_new(PerlInterpreter*, CV*)’:
TagLib.c:14928:9: warning: unused variable ‘CLASS’ [-Wunused-variable]
TagLib.c:14918:16: warning: unused variable ‘Perl___notused’ [-Wunused-variable]
TagLib.c: In function ‘void XS_Audio__TagLib__ID3v2__FrameList_DESTROY(PerlInterpreter*, CV*)’:
TagLib.c:14960:16: warning: unused variable ‘Perl___notused’ [-Wunused-variable]
TagLib.c: In function ‘void XS_Audio__TagLib__ID3v2__FrameList_begin(PerlInterpreter*, CV*)’:
TagLib.c:14986:16: warning: unused variable ‘Perl___notused’ [-Wunused-variable]
TagLib.c: In function ‘void XS_Audio__TagLib__ID3v2__FrameList_end(PerlInterpreter*, CV*)’:
TagLib.c:15014:16: warning: unused variable ‘Perl___notused’ [-Wunused-variable]
TagLib.c: In function ‘void XS_Audio__TagLib__ID3v2__FrameList_insert(PerlInterpreter*, CV*)’:
TagLib.c:15042:16: warning: unused variable ‘Perl___notused’ [-Wunused-variable]
TagLib.c: In function ‘void XS_Audio__TagLib__ID3v2__FrameList_sortedInsert(PerlInterpreter*, CV*)’:
TagLib.c:15079:16: warning: unused variable ‘Perl___notused’ [-Wunused-variable]
TagLib.c: In function ‘void XS_Audio__TagLib__ID3v2__FrameList_append(PerlInterpreter*, CV*)’:
TagLib.c:15117:16: warning: unused variable ‘Perl___notused’ [-Wunused-variable]
TagLib.c: In function ‘void XS_Audio__TagLib__ID3v2__FrameList_prepend(PerlInterpreter*, CV*)’:
TagLib.c:15159:16: warning: unused variable ‘Perl___notused’ [-Wunused-variable]
TagLib.c: In function ‘void XS_Audio__TagLib__ID3v2__FrameList_clear(PerlInterpreter*, CV*)’:
TagLib.c:15201:16: warning: unused variable ‘Perl___notused’ [-Wunused-variable]
TagLib.c: In function ‘void XS_Audio__TagLib__ID3v2__FrameList_size(PerlInterpreter*, CV*)’:
TagLib.c:15226:16: warning: unused variable ‘Perl___notused’ [-Wunused-variable]
TagLib.c: In function ‘void XS_Audio__TagLib__ID3v2__FrameList_isEmpty(PerlInterpreter*, CV*)’:
TagLib.c:15254:16: warning: unused variable ‘Perl___notused’ [-Wunused-variable]
TagLib.c: In function ‘void XS_Audio__TagLib__ID3v2__FrameList_find(PerlInterpreter*, CV*)’:
TagLib.c:15282:16: warning: unused variable ‘Perl___notused’ [-Wunused-variable]
TagLib.c: In function ‘void XS_Audio__TagLib__ID3v2__FrameList_contains(PerlInterpreter*, CV*)’:
TagLib.c:15316:16: warning: unused variable ‘Perl___notused’ [-Wunused-variable]
TagLib.c: In function ‘void XS_Audio__TagLib__ID3v2__FrameList_erase(PerlInterpreter*, CV*)’:
TagLib.c:15350:16: warning: unused variable ‘Perl___notused’ [-Wunused-variable]
TagLib.c: In function ‘void XS_Audio__TagLib__ID3v2__FrameList_front(PerlInterpreter*, CV*)’:
TagLib.c:15381:16: warning: unused variable ‘Perl___notused’ [-Wunused-variable]
TagLib.c: In function ‘void XS_Audio__TagLib__ID3v2__FrameList_back(PerlInterpreter*, CV*)’:
TagLib.c:15413:16: warning: unused variable ‘Perl___notused’ [-Wunused-variable]
TagLib.c: In function ‘void XS_Audio__TagLib__ID3v2__FrameList_setAutoDelete(PerlInterpreter*, CV*)’:
TagLib.c:15445:16: warning: unused variable ‘Perl___notused’ [-Wunused-variable]
TagLib.c: In function ‘void XS_Audio__TagLib__ID3v2__FrameList_getItem(PerlInterpreter*, CV*)’:
TagLib.c:15471:16: warning: unused variable ‘Perl___notused’ [-Wunused-variable]
TagLib.c: In function ‘void XS_Audio__TagLib__ID3v2__FrameList_copy(PerlInterpreter*, CV*)’:
TagLib.c:15504:16: warning: unused variable ‘Perl___notused’ [-Wunused-variable]
TagLib.c: In function ‘void XS_Audio__TagLib__ID3v2__FrameList_equals(PerlInterpreter*, CV*)’:
TagLib.c:15539:16: warning: unused variable ‘Perl___notused’ [-Wunused-variable]
./xs/id3v2tagframelist.xs: In function ‘void XS_Audio__TagLib__ID3v2__FrameList_TIEARRAY(PerlInterpreter*, CV*)’:
./xs/id3v2tagframelist.xs:256:29: warning: unused variable ‘l’ [-Wunused-variable]
TagLib.c:15586:9: warning: unused variable ‘CLASS’ [-Wunused-variable]
TagLib.c:15573:16: warning: unused variable ‘Perl___notused’ [-Wunused-variable]
TagLib.c: In function ‘void XS_Audio__TagLib__ID3v2__FrameList_FETCH(PerlInterpreter*, CV*)’:
TagLib.c:15625:16: warning: unused variable ‘Perl___notused’ [-Wunused-variable]
./xs/id3v2tagframelist.xs: In function ‘void XS_Audio__TagLib__ID3v2__FrameList_STORE(PerlInterpreter*, CV*)’:
./xs/id3v2tagframelist.xs:311:30: warning: comparison between signed and unsigned integer expressions [-Wsign-compare]
TagLib.c:15661:16: warning: unused variable ‘Perl___notused’ [-Wunused-variable]
TagLib.c: In function ‘void XS_Audio__TagLib__ID3v2__FrameList_FETCHSIZE(PerlInterpreter*, CV*)’:
TagLib.c:15706:16: warning: unused variable ‘Perl___notused’ [-Wunused-variable]
TagLib.c: In function ‘void XS_Audio__TagLib__ID3v2__FrameList_STORESIZE(PerlInterpreter*, CV*)’:
TagLib.c:15741:15: warning: unused variable ‘s’ [-Wunused-variable]
TagLib.c:15734:16: warning: unused variable ‘Perl___notused’ [-Wunused-variable]
TagLib.c: In function ‘void XS_Audio__TagLib__ID3v2__FrameList_EXTEND(PerlInterpreter*, CV*)’:
TagLib.c:15767:15: warning: unused variable ‘s’ [-Wunused-variable]
TagLib.c:15760:16: warning: unused variable ‘Perl___notused’ [-Wunused-variable]
TagLib.c: In function ‘void XS_Audio__TagLib__ID3v2__FrameList_EXISTS(PerlInterpreter*, CV*)’:
TagLib.c:15786:16: warning: unused variable ‘Perl___notused’ [-Wunused-variable]
./xs/id3v2tagframelist.xs: In function ‘void XS_Audio__TagLib__ID3v2__FrameList_DELETE(PerlInterpreter*, CV*)’:
./xs/id3v2tagframelist.xs:355:28: warning: comparison between signed and unsigned integer expressions [-Wsign-compare]
TagLib.c:15818:16: warning: unused variable ‘Perl___notused’ [-Wunused-variable]
TagLib.c: In function ‘void XS_Audio__TagLib__ID3v2__FrameList_CLEAR(PerlInterpreter*, CV*)’:
TagLib.c:15851:16: warning: unused variable ‘Perl___notused’ [-Wunused-variable]
./xs/id3v2tagframelist.xs: In function ‘void XS_Audio__TagLib__ID3v2__FrameList_PUSH(PerlInterpreter*, CV*)’:
./xs/id3v2tagframelist.xs:372:191: warning: suggest parentheses around ‘&&’ within ‘||’ [-Wparentheses]
TagLib.c:15876:16: warning: unused variable ‘Perl___notused’ [-Wunused-variable]
TagLib.c: In function ‘void XS_Audio__TagLib__ID3v2__FrameList_POP(PerlInterpreter*, CV*)’:
TagLib.c:15921:16: warning: unused variable ‘Perl___notused’ [-Wunused-variable]
TagLib.c: In function ‘void XS_Audio__TagLib__ID3v2__FrameList_SHIFT(PerlInterpreter*, CV*)’:
TagLib.c:15960:16: warning: unused variable ‘Perl___notused’ [-Wunused-variable]
./xs/id3v2tagframelist.xs: In function ‘void XS_Audio__TagLib__ID3v2__FrameList_UNSHIFT(PerlInterpreter*, CV*)’:
./xs/id3v2tagframelist.xs:428:191: warning: suggest parentheses around ‘&&’ within ‘||’ [-Wparentheses]
TagLib.c:15995:16: warning: unused variable ‘Perl___notused’ [-Wunused-variable]
./xs/id3v2tagframelist.xs: In function ‘void XS_Audio__TagLib__ID3v2__FrameList_SPLICE(PerlInterpreter*, CV*)’:
./xs/id3v2tagframelist.xs:488:191: warning: suggest parentheses around ‘&&’ within ‘||’ [-Wparentheses]
./xs/id3v2tagframelist.xs:492:22: warning: comparison between signed and unsigned integer expressions [-Wsign-compare]
./xs/id3v2tagframelist.xs:501:34: warning: comparison between signed and unsigned integer expressions [-Wsign-compare]
./xs/id3v2tagframelist.xs:509:22: warning: comparison between signed and unsigned integer expressions [-Wsign-compare]
./xs/id3v2tagframelist.xs:512:22: warning: comparison between signed and unsigned integer expressions [-Wsign-compare]
TagLib.c:16040:16: warning: unused variable ‘Perl___notused’ [-Wunused-variable]
TagLib.c: In function ‘void XS_Audio__TagLib__ID3v2__FrameListMap__Iterator_new(PerlInterpreter*, CV*)’:
TagLib.c:16162:9: warning: unused variable ‘CLASS’ [-Wunused-variable]
TagLib.c:16152:16: warning: unused variable ‘Perl___notused’ [-Wunused-variable]
TagLib.c: In function ‘void XS_Audio__TagLib__ID3v2__FrameListMap__Iterator_DESTROY(PerlInterpreter*, CV*)’:
TagLib.c:16194:16: warning: unused variable ‘Perl___notused’ [-Wunused-variable]
TagLib.c: In function ‘void XS_Audio__TagLib__ID3v2__FrameListMap__Iterator_data(PerlInterpreter*, CV*)’:
TagLib.c:16220:16: warning: unused variable ‘Perl___notused’ [-Wunused-variable]
TagLib.c: In function ‘void XS_Audio__TagLib__ID3v2__FrameListMap__Iterator_next(PerlInterpreter*, CV*)’:
TagLib.c:16254:16: warning: unused variable ‘Perl___notused’ [-Wunused-variable]
TagLib.c: In function ‘void XS_Audio__TagLib__ID3v2__FrameListMap__Iterator_last(PerlInterpreter*, CV*)’:
TagLib.c:16286:16: warning: unused variable ‘Perl___notused’ [-Wunused-variable]
TagLib.c: In function ‘void XS_Audio__TagLib__ID3v2__FrameListMap_new(PerlInterpreter*, CV*)’:
TagLib.c:16615:9: warning: unused variable ‘CLASS’ [-Wunused-variable]
TagLib.c:16605:16: warning: unused variable ‘Perl___notused’ [-Wunused-variable]
TagLib.c: In function ‘void XS_Audio__TagLib__ID3v2__FrameListMap_DESTROY(PerlInterpreter*, CV*)’:
TagLib.c:16647:16: warning: unused variable ‘Perl___notused’ [-Wunused-variable]
TagLib.c: In function ‘void XS_Audio__TagLib__ID3v2__FrameListMap_begin(PerlInterpreter*, CV*)’:
TagLib.c:16673:16: warning: unused variable ‘Perl___notused’ [-Wunused-variable]
TagLib.c: In function ‘void XS_Audio__TagLib__ID3v2__FrameListMap_end(PerlInterpreter*, CV*)’:
TagLib.c:16701:16: warning: unused variable ‘Perl___notused’ [-Wunused-variable]
TagLib.c: In function ‘void XS_Audio__TagLib__ID3v2__FrameListMap_insert(PerlInterpreter*, CV*)’:
TagLib.c:16729:16: warning: unused variable ‘Perl___notused’ [-Wunused-variable]
TagLib.c: In function ‘void XS_Audio__TagLib__ID3v2__FrameListMap_clear(PerlInterpreter*, CV*)’:
TagLib.c:16766:16: warning: unused variable ‘Perl___notused’ [-Wunused-variable]
TagLib.c: In function ‘void XS_Audio__TagLib__ID3v2__FrameListMap_size(PerlInterpreter*, CV*)’:
TagLib.c:16791:16: warning: unused variable ‘Perl___notused’ [-Wunused-variable]
TagLib.c: In function ‘void XS_Audio__TagLib__ID3v2__FrameListMap_isEmpty(PerlInterpreter*, CV*)’:
TagLib.c:16819:16: warning: unused variable ‘Perl___notused’ [-Wunused-variable]
TagLib.c: In function ‘void XS_Audio__TagLib__ID3v2__FrameListMap_find(PerlInterpreter*, CV*)’:
TagLib.c:16847:16: warning: unused variable ‘Perl___notused’ [-Wunused-variable]
TagLib.c: In function ‘void XS_Audio__TagLib__ID3v2__FrameListMap_contains(PerlInterpreter*, CV*)’:
TagLib.c:16881:16: warning: unused variable ‘Perl___notused’ [-Wunused-variable]
TagLib.c: In function ‘void XS_Audio__TagLib__ID3v2__FrameListMap_erase(PerlInterpreter*, CV*)’:
TagLib.c:16915:16: warning: unused variable ‘Perl___notused’ [-Wunused-variable]
TagLib.c: In function ‘void XS_Audio__TagLib__ID3v2__FrameListMap_getItem(PerlInterpreter*, CV*)’:
TagLib.c:16947:16: warning: unused variable ‘Perl___notused’ [-Wunused-variable]
TagLib.c: In function ‘void XS_Audio__TagLib__ID3v2__FrameListMap_copy(PerlInterpreter*, CV*)’:
TagLib.c:16987:16: warning: unused variable ‘Perl___notused’ [-Wunused-variable]
TagLib.c: In function ‘void XS_Audio__TagLib__ID3v2__FrameListMap_TIEHASH(PerlInterpreter*, CV*)’:
TagLib.c:17035:9: warning: unused variable ‘CLASS’ [-Wunused-variable]
TagLib.c:17023:16: warning: unused variable ‘Perl___notused’ [-Wunused-variable]
TagLib.c: In function ‘void XS_Audio__TagLib__ID3v2__FrameListMap_FETCH(PerlInterpreter*, CV*)’:
TagLib.c:17073:16: warning: unused variable ‘Perl___notused’ [-Wunused-variable]
TagLib.c: In function ‘void XS_Audio__TagLib__ID3v2__FrameListMap_STORE(PerlInterpreter*, CV*)’:
TagLib.c:17118:16: warning: unused variable ‘Perl___notused’ [-Wunused-variable]
TagLib.c: In function ‘void XS_Audio__TagLib__ID3v2__FrameListMap_DELETE(PerlInterpreter*, CV*)’:
TagLib.c:17155:16: warning: unused variable ‘Perl___notused’ [-Wunused-variable]
TagLib.c: In function ‘void XS_Audio__TagLib__ID3v2__FrameListMap_CLEAR(PerlInterpreter*, CV*)’:
TagLib.c:17187:16: warning: unused variable ‘Perl___notused’ [-Wunused-variable]
TagLib.c: In function ‘void XS_Audio__TagLib__ID3v2__FrameListMap_EXISTS(PerlInterpreter*, CV*)’:
TagLib.c:17212:16: warning: unused variable ‘Perl___notused’ [-Wunused-variable]
TagLib.c: In function ‘void XS_Audio__TagLib__ID3v2__FrameListMap_FIRSTKEY(PerlInterpreter*, CV*)’:
TagLib.c:17246:16: warning: unused variable ‘Perl___notused’ [-Wunused-variable]
TagLib.c: In function ‘void XS_Audio__TagLib__ID3v2__FrameListMap_NEXTKEY(PerlInterpreter*, CV*)’:
TagLib.c:17297:23: warning: unused variable ‘RETVAL’ [-Wunused-variable]
TagLib.c:17285:16: warning: unused variable ‘Perl___notused’ [-Wunused-variable]
TagLib.c: In function ‘void XS_Audio__TagLib__ID3v2__FrameListMap_SCALAR(PerlInterpreter*, CV*)’:
TagLib.c:17327:16: warning: unused variable ‘Perl___notused’ [-Wunused-variable]
TagLib.c: In function ‘void XS_Audio__TagLib__ID3v2__Tag_new(PerlInterpreter*, CV*)’:
TagLib.c:17373:9: warning: unused variable ‘CLASS’ [-Wunused-variable]
TagLib.c:17361:16: warning: unused variable ‘Perl___notused’ [-Wunused-variable]
TagLib.c: In function ‘void XS_Audio__TagLib__ID3v2__Tag_DESTROY(PerlInterpreter*, CV*)’:
TagLib.c:17432:16: warning: unused variable ‘Perl___notused’ [-Wunused-variable]
TagLib.c: In function ‘void XS_Audio__TagLib__ID3v2__Tag_title(PerlInterpreter*, CV*)’:
TagLib.c:17458:16: warning: unused variable ‘Perl___notused’ [-Wunused-variable]
TagLib.c: In function ‘void XS_Audio__TagLib__ID3v2__Tag_artist(PerlInterpreter*, CV*)’:
TagLib.c:17486:16: warning: unused variable ‘Perl___notused’ [-Wunused-variable]
TagLib.c: In function ‘void XS_Audio__TagLib__ID3v2__Tag_album(PerlInterpreter*, CV*)’:
TagLib.c:17514:16: warning: unused variable ‘Perl___notused’ [-Wunused-variable]
TagLib.c: In function ‘void XS_Audio__TagLib__ID3v2__Tag_comment(PerlInterpreter*, CV*)’:
TagLib.c:17542:16: warning: unused variable ‘Perl___notused’ [-Wunused-variable]
TagLib.c: In function ‘void XS_Audio__TagLib__ID3v2__Tag_genre(PerlInterpreter*, CV*)’:
TagLib.c:17570:16: warning: unused variable ‘Perl___notused’ [-Wunused-variable]
TagLib.c: In function ‘void XS_Audio__TagLib__ID3v2__Tag_year(PerlInterpreter*, CV*)’:
TagLib.c:17598:16: warning: unused variable ‘Perl___notused’ [-Wunused-variable]
TagLib.c: In function ‘void XS_Audio__TagLib__ID3v2__Tag_track(PerlInterpreter*, CV*)’:
TagLib.c:17626:16: warning: unused variable ‘Perl___notused’ [-Wunused-variable]
TagLib.c: In function ‘void XS_Audio__TagLib__ID3v2__Tag_setTitle(PerlInterpreter*, CV*)’:
TagLib.c:17654:16: warning: unused variable ‘Perl___notused’ [-Wunused-variable]
TagLib.c: In function ‘void XS_Audio__TagLib__ID3v2__Tag_setArtist(PerlInterpreter*, CV*)’:
TagLib.c:17685:16: warning: unused variable ‘Perl___notused’ [-Wunused-variable]
TagLib.c: In function ‘void XS_Audio__TagLib__ID3v2__Tag_setAlbum(PerlInterpreter*, CV*)’:
TagLib.c:17716:16: warning: unused variable ‘Perl___notused’ [-Wunused-variable]
TagLib.c: In function ‘void XS_Audio__TagLib__ID3v2__Tag_setComment(PerlInterpreter*, CV*)’:
TagLib.c:17747:16: warning: unused variable ‘Perl___notused’ [-Wunused-variable]
TagLib.c: In function ‘void XS_Audio__TagLib__ID3v2__Tag_setGenre(PerlInterpreter*, CV*)’:
TagLib.c:17778:16: warning: unused variable ‘Perl___notused’ [-Wunused-variable]
TagLib.c: In function ‘void XS_Audio__TagLib__ID3v2__Tag_setYear(PerlInterpreter*, CV*)’:
TagLib.c:17809:16: warning: unused variable ‘Perl___notused’ [-Wunused-variable]
TagLib.c: In function ‘void XS_Audio__TagLib__ID3v2__Tag_setTrack(PerlInterpreter*, CV*)’:
TagLib.c:17835:16: warning: unused variable ‘Perl___notused’ [-Wunused-variable]
TagLib.c: In function ‘void XS_Audio__TagLib__ID3v2__Tag_isEmpty(PerlInterpreter*, CV*)’:
TagLib.c:17861:16: warning: unused variable ‘Perl___notused’ [-Wunused-variable]
TagLib.c: In function ‘void XS_Audio__TagLib__ID3v2__Tag_header(PerlInterpreter*, CV*)’:
TagLib.c:17889:16: warning: unused variable ‘Perl___notused’ [-Wunused-variable]
TagLib.c: In function ‘void XS_Audio__TagLib__ID3v2__Tag_extendedHeader(PerlInterpreter*, CV*)’:
TagLib.c:17924:16: warning: unused variable ‘Perl___notused’ [-Wunused-variable]
TagLib.c: In function ‘void XS_Audio__TagLib__ID3v2__Tag_footer(PerlInterpreter*, CV*)’:
TagLib.c:17963:16: warning: unused variable ‘Perl___notused’ [-Wunused-variable]
TagLib.c: In function ‘void XS_Audio__TagLib__ID3v2__Tag_frameListMap(PerlInterpreter*, CV*)’:
TagLib.c:18001:16: warning: unused variable ‘Perl___notused’ [-Wunused-variable]
TagLib.c: In function ‘void XS_Audio__TagLib__ID3v2__Tag_frameList(PerlInterpreter*, CV*)’:
TagLib.c:18033:16: warning: unused variable ‘Perl___notused’ [-Wunused-variable]
TagLib.c: In function ‘void XS_Audio__TagLib__ID3v2__Tag_addFrame(PerlInterpreter*, CV*)’:
TagLib.c:18082:16: warning: unused variable ‘Perl___notused’ [-Wunused-variable]
TagLib.c: In function ‘void XS_Audio__TagLib__ID3v2__Tag_removeFrame(PerlInterpreter*, CV*)’:
TagLib.c:18118:16: warning: unused variable ‘Perl___notused’ [-Wunused-variable]
TagLib.c: In function ‘void XS_Audio__TagLib__ID3v2__Tag_removeFrames(PerlInterpreter*, CV*)’:
TagLib.c:18162:16: warning: unused variable ‘Perl___notused’ [-Wunused-variable]
TagLib.c: In function ‘void XS_Audio__TagLib__ID3v2__Tag_render(PerlInterpreter*, CV*)’:
TagLib.c:18193:16: warning: unused variable ‘Perl___notused’ [-Wunused-variable]
TagLib.c: In function ‘void XS_Audio__TagLib__ID3v1__Tag_new(PerlInterpreter*, CV*)’:
TagLib.c:18237:9: warning: unused variable ‘CLASS’ [-Wunused-variable]
TagLib.c:18226:16: warning: unused variable ‘Perl___notused’ [-Wunused-variable]
TagLib.c: In function ‘void XS_Audio__TagLib__ID3v1__Tag_DESTROY(PerlInterpreter*, CV*)’:
TagLib.c:18274:16: warning: unused variable ‘Perl___notused’ [-Wunused-variable]
TagLib.c: In function ‘void XS_Audio__TagLib__ID3v1__Tag_render(PerlInterpreter*, CV*)’:
TagLib.c:18300:16: warning: unused variable ‘Perl___notused’ [-Wunused-variable]
TagLib.c: In function ‘void XS_Audio__TagLib__ID3v1__Tag_title(PerlInterpreter*, CV*)’:
TagLib.c:18328:16: warning: unused variable ‘Perl___notused’ [-Wunused-variable]
TagLib.c: In function ‘void XS_Audio__TagLib__ID3v1__Tag_artist(PerlInterpreter*, CV*)’:
TagLib.c:18356:16: warning: unused variable ‘Perl___notused’ [-Wunused-variable]
TagLib.c: In function ‘void XS_Audio__TagLib__ID3v1__Tag_album(PerlInterpreter*, CV*)’:
TagLib.c:18384:16: warning: unused variable ‘Perl___notused’ [-Wunused-variable]
TagLib.c: In function ‘void XS_Audio__TagLib__ID3v1__Tag_comment(PerlInterpreter*, CV*)’:
TagLib.c:18412:16: warning: unused variable ‘Perl___notused’ [-Wunused-variable]
TagLib.c: In function ‘void XS_Audio__TagLib__ID3v1__Tag_genre(PerlInterpreter*, CV*)’:
TagLib.c:18440:16: warning: unused variable ‘Perl___notused’ [-Wunused-variable]
TagLib.c: In function ‘void XS_Audio__TagLib__ID3v1__Tag_year(PerlInterpreter*, CV*)’:
TagLib.c:18468:16: warning: unused variable ‘Perl___notused’ [-Wunused-variable]
TagLib.c: In function ‘void XS_Audio__TagLib__ID3v1__Tag_track(PerlInterpreter*, CV*)’:
TagLib.c:18496:16: warning: unused variable ‘Perl___notused’ [-Wunused-variable]
TagLib.c: In function ‘void XS_Audio__TagLib__ID3v1__Tag_setTitle(PerlInterpreter*, CV*)’:
TagLib.c:18524:16: warning: unused variable ‘Perl___notused’ [-Wunused-variable]
TagLib.c: In function ‘void XS_Audio__TagLib__ID3v1__Tag_setArtist(PerlInterpreter*, CV*)’:
TagLib.c:18555:16: warning: unused variable ‘Perl___notused’ [-Wunused-variable]
TagLib.c: In function ‘void XS_Audio__TagLib__ID3v1__Tag_setAlbum(PerlInterpreter*, CV*)’:
TagLib.c:18586:16: warning: unused variable ‘Perl___notused’ [-Wunused-variable]
TagLib.c: In function ‘void XS_Audio__TagLib__ID3v1__Tag_setComment(PerlInterpreter*, CV*)’:
TagLib.c:18617:16: warning: unused variable ‘Perl___notused’ [-Wunused-variable]
TagLib.c: In function ‘void XS_Audio__TagLib__ID3v1__Tag_setGenre(PerlInterpreter*, CV*)’:
TagLib.c:18648:16: warning: unused variable ‘Perl___notused’ [-Wunused-variable]
TagLib.c: In function ‘void XS_Audio__TagLib__ID3v1__Tag_setYear(PerlInterpreter*, CV*)’:
TagLib.c:18679:16: warning: unused variable ‘Perl___notused’ [-Wunused-variable]
TagLib.c: In function ‘void XS_Audio__TagLib__ID3v1__Tag_setTrack(PerlInterpreter*, CV*)’:
TagLib.c:18705:16: warning: unused variable ‘Perl___notused’ [-Wunused-variable]
TagLib.c: In function ‘void XS_Audio__TagLib__ID3v1__Tag_fileIdentifier(PerlInterpreter*, CV*)’:
TagLib.c:18738:9: warning: unused variable ‘CLASS’ [-Wunused-variable]
TagLib.c:18731:16: warning: unused variable ‘Perl___notused’ [-Wunused-variable]
TagLib.c: In function ‘void XS_Audio__TagLib__ID3v1__Tag_setStringHandler(PerlInterpreter*, CV*)’:
TagLib.c:18763:9: warning: unused variable ‘CLASS’ [-Wunused-variable]
TagLib.c:18755:16: warning: unused variable ‘Perl___notused’ [-Wunused-variable]
TagLib.c: In function ‘void XS_Audio__TagLib__ID3v1__StringHandler_parse(PerlInterpreter*, CV*)’:
TagLib.c:18781:16: warning: unused variable ‘Perl___notused’ [-Wunused-variable]
TagLib.c: In function ‘void XS_Audio__TagLib__ID3v1__StringHandler_render(PerlInterpreter*, CV*)’:
TagLib.c:18815:16: warning: unused variable ‘Perl___notused’ [-Wunused-variable]
TagLib.c: In function ‘void XS_Audio__TagLib__APE__Tag_new(PerlInterpreter*, CV*)’:
TagLib.c:18865:9: warning: unused variable ‘CLASS’ [-Wunused-variable]
TagLib.c:18854:16: warning: unused variable ‘Perl___notused’ [-Wunused-variable]
TagLib.c: In function ‘void XS_Audio__TagLib__APE__Tag_DESTROY(PerlInterpreter*, CV*)’:
TagLib.c:18903:16: warning: unused variable ‘Perl___notused’ [-Wunused-variable]
TagLib.c: In function ‘void XS_Audio__TagLib__APE__Tag_render(PerlInterpreter*, CV*)’:
TagLib.c:18929:16: warning: unused variable ‘Perl___notused’ [-Wunused-variable]
TagLib.c: In function ‘void XS_Audio__TagLib__APE__Tag_title(PerlInterpreter*, CV*)’:
TagLib.c:18957:16: warning: unused variable ‘Perl___notused’ [-Wunused-variable]
TagLib.c: In function ‘void XS_Audio__TagLib__APE__Tag_artist(PerlInterpreter*, CV*)’:
TagLib.c:18985:16: warning: unused variable ‘Perl___notused’ [-Wunused-variable]
TagLib.c: In function ‘void XS_Audio__TagLib__APE__Tag_album(PerlInterpreter*, CV*)’:
TagLib.c:19013:16: warning: unused variable ‘Perl___notused’ [-Wunused-variable]
TagLib.c: In function ‘void XS_Audio__TagLib__APE__Tag_comment(PerlInterpreter*, CV*)’:
TagLib.c:19041:16: warning: unused variable ‘Perl___notused’ [-Wunused-variable]
TagLib.c: In function ‘void XS_Audio__TagLib__APE__Tag_genre(PerlInterpreter*, CV*)’:
TagLib.c:19069:16: warning: unused variable ‘Perl___notused’ [-Wunused-variable]
TagLib.c: In function ‘void XS_Audio__TagLib__APE__Tag_year(PerlInterpreter*, CV*)’:
TagLib.c:19097:16: warning: unused variable ‘Perl___notused’ [-Wunused-variable]
TagLib.c: In function ‘void XS_Audio__TagLib__APE__Tag_track(PerlInterpreter*, CV*)’:
TagLib.c:19125:16: warning: unused variable ‘Perl___notused’ [-Wunused-variable]
TagLib.c: In function ‘void XS_Audio__TagLib__APE__Tag_setTitle(PerlInterpreter*, CV*)’:
TagLib.c:19153:16: warning: unused variable ‘Perl___notused’ [-Wunused-variable]
TagLib.c: In function ‘void XS_Audio__TagLib__APE__Tag_setArtist(PerlInterpreter*, CV*)’:
TagLib.c:19184:16: warning: unused variable ‘Perl___notused’ [-Wunused-variable]
TagLib.c: In function ‘void XS_Audio__TagLib__APE__Tag_setAlbum(PerlInterpreter*, CV*)’:
TagLib.c:19215:16: warning: unused variable ‘Perl___notused’ [-Wunused-variable]
TagLib.c: In function ‘void XS_Audio__TagLib__APE__Tag_setComment(PerlInterpreter*, CV*)’:
TagLib.c:19246:16: warning: unused variable ‘Perl___notused’ [-Wunused-variable]
TagLib.c: In function ‘void XS_Audio__TagLib__APE__Tag_setGenre(PerlInterpreter*, CV*)’:
TagLib.c:19277:16: warning: unused variable ‘Perl___notused’ [-Wunused-variable]
TagLib.c: In function ‘void XS_Audio__TagLib__APE__Tag_setYear(PerlInterpreter*, CV*)’:
TagLib.c:19308:16: warning: unused variable ‘Perl___notused’ [-Wunused-variable]
TagLib.c: In function ‘void XS_Audio__TagLib__APE__Tag_setTrack(PerlInterpreter*, CV*)’:
TagLib.c:19334:16: warning: unused variable ‘Perl___notused’ [-Wunused-variable]
TagLib.c: In function ‘void XS_Audio__TagLib__APE__Tag_footer(PerlInterpreter*, CV*)’:
TagLib.c:19360:16: warning: unused variable ‘Perl___notused’ [-Wunused-variable]
./xs/apetag.xs: In function ‘void XS_Audio__TagLib__APE__Tag_itemListMap(PerlInterpreter*, CV*)’:
./xs/apetag.xs:163:7: warning: unused variable ‘refobj’ [-Wunused-variable]
./xs/apetag.xs:163:17: warning: unused variable ‘refhash’ [-Wunused-variable]
./xs/apetag.xs:164:7: warning: unused variable ‘hash’ [-Wunused-variable]
TagLib.c:19395:16: warning: unused variable ‘Perl___notused’ [-Wunused-variable]
TagLib.c: In function ‘void XS_Audio__TagLib__APE__Tag_removeItem(PerlInterpreter*, CV*)’:
TagLib.c:19443:16: warning: unused variable ‘Perl___notused’ [-Wunused-variable]
TagLib.c: In function ‘void XS_Audio__TagLib__APE__Tag_addValue(PerlInterpreter*, CV*)’:
TagLib.c:19474:16: warning: unused variable ‘Perl___notused’ [-Wunused-variable]
TagLib.c: In function ‘void XS_Audio__TagLib__APE__Tag_setItem(PerlInterpreter*, CV*)’:
TagLib.c:19518:16: warning: unused variable ‘Perl___notused’ [-Wunused-variable]
TagLib.c: In function ‘void XS_Audio__TagLib__APE__Tag_fileIdentifier(PerlInterpreter*, CV*)’:
TagLib.c:19562:9: warning: unused variable ‘CLASS’ [-Wunused-variable]
TagLib.c:19555:16: warning: unused variable ‘Perl___notused’ [-Wunused-variable]
TagLib.c: In function ‘void XS_Audio__TagLib__Tag_DESTROY(PerlInterpreter*, CV*)’:
TagLib.c:19584:16: warning: unused variable ‘Perl___notused’ [-Wunused-variable]
TagLib.c: In function ‘void XS_Audio__TagLib__Tag_title(PerlInterpreter*, CV*)’:
TagLib.c:19611:16: warning: unused variable ‘Perl___notused’ [-Wunused-variable]
TagLib.c: In function ‘void XS_Audio__TagLib__Tag_artist(PerlInterpreter*, CV*)’:
TagLib.c:19639:16: warning: unused variable ‘Perl___notused’ [-Wunused-variable]
TagLib.c: In function ‘void XS_Audio__TagLib__Tag_album(PerlInterpreter*, CV*)’:
TagLib.c:19667:16: warning: unused variable ‘Perl___notused’ [-Wunused-variable]
TagLib.c: In function ‘void XS_Audio__TagLib__Tag_comment(PerlInterpreter*, CV*)’:
TagLib.c:19695:16: warning: unused variable ‘Perl___notused’ [-Wunused-variable]
TagLib.c: In function ‘void XS_Audio__TagLib__Tag_genre(PerlInterpreter*, CV*)’:
TagLib.c:19723:16: warning: unused variable ‘Perl___notused’ [-Wunused-variable]
TagLib.c: In function ‘void XS_Audio__TagLib__Tag_year(PerlInterpreter*, CV*)’:
TagLib.c:19751:16: warning: unused variable ‘Perl___notused’ [-Wunused-variable]
TagLib.c: In function ‘void XS_Audio__TagLib__Tag_track(PerlInterpreter*, CV*)’:
TagLib.c:19778:16: warning: unused variable ‘Perl___notused’ [-Wunused-variable]
TagLib.c: In function ‘void XS_Audio__TagLib__Tag_setTitle(PerlInterpreter*, CV*)’:
TagLib.c:19805:16: warning: unused variable ‘Perl___notused’ [-Wunused-variable]
TagLib.c: In function ‘void XS_Audio__TagLib__Tag_setArtist(PerlInterpreter*, CV*)’:
TagLib.c:19836:16: warning: unused variable ‘Perl___notused’ [-Wunused-variable]
TagLib.c: In function ‘void XS_Audio__TagLib__Tag_setAlbum(PerlInterpreter*, CV*)’:
TagLib.c:19867:16: warning: unused variable ‘Perl___notused’ [-Wunused-variable]
TagLib.c: In function ‘void XS_Audio__TagLib__Tag_setComment(PerlInterpreter*, CV*)’:
TagLib.c:19898:16: warning: unused variable ‘Perl___notused’ [-Wunused-variable]
TagLib.c: In function ‘void XS_Audio__TagLib__Tag_setGenre(PerlInterpreter*, CV*)’:
TagLib.c:19929:16: warning: unused variable ‘Perl___notused’ [-Wunused-variable]
TagLib.c: In function ‘void XS_Audio__TagLib__Tag_setYear(PerlInterpreter*, CV*)’:
TagLib.c:19960:16: warning: unused variable ‘Perl___notused’ [-Wunused-variable]
TagLib.c: In function ‘void XS_Audio__TagLib__Tag_setTrack(PerlInterpreter*, CV*)’:
TagLib.c:19985:16: warning: unused variable ‘Perl___notused’ [-Wunused-variable]
TagLib.c: In function ‘void XS_Audio__TagLib__Tag_isEmpty(PerlInterpreter*, CV*)’:
TagLib.c:20010:16: warning: unused variable ‘Perl___notused’ [-Wunused-variable]
TagLib.c: In function ‘void XS_Audio__TagLib__Tag_duplicate(PerlInterpreter*, CV*)’:
TagLib.c:20047:9: warning: unused variable ‘CLASS’ [-Wunused-variable]
TagLib.c:20037:16: warning: unused variable ‘Perl___notused’ [-Wunused-variable]
TagLib.c: In function ‘void XS_Audio__TagLib__APE__ItemListMap__Iterator_new(PerlInterpreter*, CV*)’:
TagLib.c:20099:9: warning: unused variable ‘CLASS’ [-Wunused-variable]
TagLib.c:20089:16: warning: unused variable ‘Perl___notused’ [-Wunused-variable]
TagLib.c: In function ‘void XS_Audio__TagLib__APE__ItemListMap__Iterator_DESTROY(PerlInterpreter*, CV*)’:
TagLib.c:20131:16: warning: unused variable ‘Perl___notused’ [-Wunused-variable]
TagLib.c: In function ‘void XS_Audio__TagLib__APE__ItemListMap__Iterator_data(PerlInterpreter*, CV*)’:
TagLib.c:20157:16: warning: unused variable ‘Perl___notused’ [-Wunused-variable]
TagLib.c: In function ‘void XS_Audio__TagLib__APE__ItemListMap__Iterator_next(PerlInterpreter*, CV*)’:
TagLib.c:20191:16: warning: unused variable ‘Perl___notused’ [-Wunused-variable]
TagLib.c: In function ‘void XS_Audio__TagLib__APE__ItemListMap__Iterator_last(PerlInterpreter*, CV*)’:
TagLib.c:20223:16: warning: unused variable ‘Perl___notused’ [-Wunused-variable]
TagLib.c: In function ‘void XS_Audio__TagLib__APE__ItemListMap_new(PerlInterpreter*, CV*)’:
TagLib.c:20551:9: warning: unused variable ‘CLASS’ [-Wunused-variable]
TagLib.c:20541:16: warning: unused variable ‘Perl___notused’ [-Wunused-variable]
TagLib.c: In function ‘void XS_Audio__TagLib__APE__ItemListMap_DESTROY(PerlInterpreter*, CV*)’:
TagLib.c:20583:16: warning: unused variable ‘Perl___notused’ [-Wunused-variable]
TagLib.c: In function ‘void XS_Audio__TagLib__APE__ItemListMap_begin(PerlInterpreter*, CV*)’:
TagLib.c:20609:16: warning: unused variable ‘Perl___notused’ [-Wunused-variable]
TagLib.c: In function ‘void XS_Audio__TagLib__APE__ItemListMap_end(PerlInterpreter*, CV*)’:
TagLib.c:20637:16: warning: unused variable ‘Perl___notused’ [-Wunused-variable]
TagLib.c: In function ‘void XS_Audio__TagLib__APE__ItemListMap_insert(PerlInterpreter*, CV*)’:
TagLib.c:20665:16: warning: unused variable ‘Perl___notused’ [-Wunused-variable]
TagLib.c: In function ‘void XS_Audio__TagLib__APE__ItemListMap_clear(PerlInterpreter*, CV*)’:
TagLib.c:20702:16: warning: unused variable ‘Perl___notused’ [-Wunused-variable]
TagLib.c: In function ‘void XS_Audio__TagLib__APE__ItemListMap_size(PerlInterpreter*, CV*)’:
TagLib.c:20727:16: warning: unused variable ‘Perl___notused’ [-Wunused-variable]
TagLib.c: In function ‘void XS_Audio__TagLib__APE__ItemListMap_isEmpty(PerlInterpreter*, CV*)’:
TagLib.c:20755:16: warning: unused variable ‘Perl___notused’ [-Wunused-variable]
TagLib.c: In function ‘void XS_Audio__TagLib__APE__ItemListMap_find(PerlInterpreter*, CV*)’:
TagLib.c:20783:16: warning: unused variable ‘Perl___notused’ [-Wunused-variable]
TagLib.c: In function ‘void XS_Audio__TagLib__APE__ItemListMap_contains(PerlInterpreter*, CV*)’:
TagLib.c:20817:16: warning: unused variable ‘Perl___notused’ [-Wunused-variable]
TagLib.c: In function ‘void XS_Audio__TagLib__APE__ItemListMap_erase(PerlInterpreter*, CV*)’:
TagLib.c:20851:16: warning: unused variable ‘Perl___notused’ [-Wunused-variable]
TagLib.c: In function ‘void XS_Audio__TagLib__APE__ItemListMap_getItem(PerlInterpreter*, CV*)’:
TagLib.c:20883:16: warning: unused variable ‘Perl___notused’ [-Wunused-variable]
TagLib.c: In function ‘void XS_Audio__TagLib__APE__ItemListMap_copy(PerlInterpreter*, CV*)’:
TagLib.c:20923:16: warning: unused variable ‘Perl___notused’ [-Wunused-variable]
TagLib.c: In function ‘void XS_Audio__TagLib__APE__ItemListMap_TIEHASH(PerlInterpreter*, CV*)’:
TagLib.c:20971:9: warning: unused variable ‘CLASS’ [-Wunused-variable]
TagLib.c:20959:16: warning: unused variable ‘Perl___notused’ [-Wunused-variable]
TagLib.c: In function ‘void XS_Audio__TagLib__APE__ItemListMap_FETCH(PerlInterpreter*, CV*)’:
TagLib.c:21009:16: warning: unused variable ‘Perl___notused’ [-Wunused-variable]
TagLib.c: In function ‘void XS_Audio__TagLib__APE__ItemListMap_STORE(PerlInterpreter*, CV*)’:
TagLib.c:21054:16: warning: unused variable ‘Perl___notused’ [-Wunused-variable]
TagLib.c: In function ‘void XS_Audio__TagLib__APE__ItemListMap_DELETE(PerlInterpreter*, CV*)’:
TagLib.c:21091:16: warning: unused variable ‘Perl___notused’ [-Wunused-variable]
TagLib.c: In function ‘void XS_Audio__TagLib__APE__ItemListMap_CLEAR(PerlInterpreter*, CV*)’:
TagLib.c:21123:16: warning: unused variable ‘Perl___notused’ [-Wunused-variable]
TagLib.c: In function ‘void XS_Audio__TagLib__APE__ItemListMap_EXISTS(PerlInterpreter*, CV*)’:
TagLib.c:21148:16: warning: unused variable ‘Perl___notused’ [-Wunused-variable]
TagLib.c: In function ‘void XS_Audio__TagLib__APE__ItemListMap_FIRSTKEY(PerlInterpreter*, CV*)’:
TagLib.c:21182:16: warning: unused variable ‘Perl___notused’ [-Wunused-variable]
TagLib.c: In function ‘void XS_Audio__TagLib__APE__ItemListMap_NEXTKEY(PerlInterpreter*, CV*)’:
TagLib.c:21233:19: warning: unused variable ‘RETVAL’ [-Wunused-variable]
TagLib.c:21221:16: warning: unused variable ‘Perl___notused’ [-Wunused-variable]
TagLib.c: In function ‘void XS_Audio__TagLib__APE__ItemListMap_SCALAR(PerlInterpreter*, CV*)’:
TagLib.c:21263:16: warning: unused variable ‘Perl___notused’ [-Wunused-variable]
TagLib.c: In function ‘void XS_Audio__TagLib__String__Iterator_new(PerlInterpreter*, CV*)’:
TagLib.c:21316:9: warning: unused variable ‘CLASS’ [-Wunused-variable]
TagLib.c:21306:16: warning: unused variable ‘Perl___notused’ [-Wunused-variable]
TagLib.c: In function ‘void XS_Audio__TagLib__String__Iterator_DESTROY(PerlInterpreter*, CV*)’:
TagLib.c:21348:16: warning: unused variable ‘Perl___notused’ [-Wunused-variable]
./xs/stringiterator.xs: In function ‘void XS_Audio__TagLib__String__Iterator_data(PerlInterpreter*, CV*)’:
./xs/stringiterator.xs:64:61: warning: comparison between signed and unsigned integer expressions [-Wsign-compare]
TagLib.c:21374:16: warning: unused variable ‘Perl___notused’ [-Wunused-variable]
TagLib.c: In function ‘void XS_Audio__TagLib__String__Iterator_next(PerlInterpreter*, CV*)’:
TagLib.c:21422:16: warning: unused variable ‘Perl___notused’ [-Wunused-variable]
TagLib.c: In function ‘void XS_Audio__TagLib__String__Iterator_last(PerlInterpreter*, CV*)’:
TagLib.c:21454:16: warning: unused variable ‘Perl___notused’ [-Wunused-variable]
TagLib.c: In function ‘void XS_Audio__TagLib__String__Iterator_forward(PerlInterpreter*, CV*)’:
TagLib.c:21489:16: warning: unused variable ‘Perl___notused’ [-Wunused-variable]
TagLib.c: In function ‘void XS_Audio__TagLib__String__Iterator_backward(PerlInterpreter*, CV*)’:
TagLib.c:21523:16: warning: unused variable ‘Perl___notused’ [-Wunused-variable]
TagLib.c: In function ‘void XS_Audio__TagLib__ByteVector__Iterator_new(PerlInterpreter*, CV*)’:
TagLib.c:21785:9: warning: unused variable ‘CLASS’ [-Wunused-variable]
TagLib.c:21775:16: warning: unused variable ‘Perl___notused’ [-Wunused-variable]
TagLib.c: In function ‘void XS_Audio__TagLib__ByteVector__Iterator_DESTROY(PerlInterpreter*, CV*)’:
TagLib.c:21817:16: warning: unused variable ‘Perl___notused’ [-Wunused-variable]
TagLib.c: In function ‘void XS_Audio__TagLib__ByteVector__Iterator_data(PerlInterpreter*, CV*)’:
TagLib.c:21843:16: warning: unused variable ‘Perl___notused’ [-Wunused-variable]
TagLib.c: In function ‘void XS_Audio__TagLib__ByteVector__Iterator_next(PerlInterpreter*, CV*)’:
TagLib.c:21875:16: warning: unused variable ‘Perl___notused’ [-Wunused-variable]
TagLib.c: In function ‘void XS_Audio__TagLib__ByteVector__Iterator_last(PerlInterpreter*, CV*)’:
TagLib.c:21907:16: warning: unused variable ‘Perl___notused’ [-Wunused-variable]
TagLib.c: In function ‘void XS_Audio__TagLib__ByteVector__Iterator_forward(PerlInterpreter*, CV*)’:
TagLib.c:21939:16: warning: unused variable ‘Perl___notused’ [-Wunused-variable]
TagLib.c: In function ‘void XS_Audio__TagLib__ByteVector__Iterator_backward(PerlInterpreter*, CV*)’:
TagLib.c:21973:16: warning: unused variable ‘Perl___notused’ [-Wunused-variable]
TagLib.c: In function ‘void XS_Audio__TagLib__ByteVector__Iterator_copy(PerlInterpreter*, CV*)’:
TagLib.c:22215:16: warning: unused variable ‘Perl___notused’ [-Wunused-variable]
TagLib.c: In function ‘void XS_Audio__TagLib__ID3v2__SynchData_toUInt(PerlInterpreter*, CV*)’:
TagLib.c:22275:9: warning: unused variable ‘CLASS’ [-Wunused-variable]
TagLib.c:22267:16: warning: unused variable ‘Perl___notused’ [-Wunused-variable]
TagLib.c: In function ‘void XS_Audio__TagLib__ID3v2__SynchData_fromUInt(PerlInterpreter*, CV*)’:
TagLib.c:22304:9: warning: unused variable ‘CLASS’ [-Wunused-variable]
TagLib.c:22296:16: warning: unused variable ‘Perl___notused’ [-Wunused-variable]
TagLib.c: In function ‘void XS_Audio__TagLib__ID3v1__GenreMap__Iterator_new(PerlInterpreter*, CV*)’:
TagLib.c:22339:9: warning: unused variable ‘CLASS’ [-Wunused-variable]
TagLib.c:22329:16: warning: unused variable ‘Perl___notused’ [-Wunused-variable]
TagLib.c: In function ‘void XS_Audio__TagLib__ID3v1__GenreMap__Iterator_DESTROY(PerlInterpreter*, CV*)’:
TagLib.c:22371:16: warning: unused variable ‘Perl___notused’ [-Wunused-variable]
TagLib.c: In function ‘void XS_Audio__TagLib__ID3v1__GenreMap__Iterator_data(PerlInterpreter*, CV*)’:
TagLib.c:22397:16: warning: unused variable ‘Perl___notused’ [-Wunused-variable]
TagLib.c: In function ‘void XS_Audio__TagLib__ID3v1__GenreMap__Iterator_next(PerlInterpreter*, CV*)’:
TagLib.c:22426:16: warning: unused variable ‘Perl___notused’ [-Wunused-variable]
TagLib.c: In function ‘void XS_Audio__TagLib__ID3v1__GenreMap__Iterator_last(PerlInterpreter*, CV*)’:
TagLib.c:22458:16: warning: unused variable ‘Perl___notused’ [-Wunused-variable]
TagLib.c: In function ‘void XS_Audio__TagLib__ID3v1__GenreMap_new(PerlInterpreter*, CV*)’:
TagLib.c:22786:9: warning: unused variable ‘CLASS’ [-Wunused-variable]
TagLib.c:22776:16: warning: unused variable ‘Perl___notused’ [-Wunused-variable]
TagLib.c: In function ‘void XS_Audio__TagLib__ID3v1__GenreMap_DESTROY(PerlInterpreter*, CV*)’:
TagLib.c:22818:16: warning: unused variable ‘Perl___notused’ [-Wunused-variable]
TagLib.c: In function ‘void XS_Audio__TagLib__ID3v1__GenreMap_begin(PerlInterpreter*, CV*)’:
TagLib.c:22844:16: warning: unused variable ‘Perl___notused’ [-Wunused-variable]
TagLib.c: In function ‘void XS_Audio__TagLib__ID3v1__GenreMap_end(PerlInterpreter*, CV*)’:
TagLib.c:22872:16: warning: unused variable ‘Perl___notused’ [-Wunused-variable]
TagLib.c: In function ‘void XS_Audio__TagLib__ID3v1__GenreMap_insert(PerlInterpreter*, CV*)’:
TagLib.c:22900:16: warning: unused variable ‘Perl___notused’ [-Wunused-variable]
TagLib.c: In function ‘void XS_Audio__TagLib__ID3v1__GenreMap_clear(PerlInterpreter*, CV*)’:
TagLib.c:22932:16: warning: unused variable ‘Perl___notused’ [-Wunused-variable]
TagLib.c: In function ‘void XS_Audio__TagLib__ID3v1__GenreMap_size(PerlInterpreter*, CV*)’:
TagLib.c:22957:16: warning: unused variable ‘Perl___notused’ [-Wunused-variable]
TagLib.c: In function ‘void XS_Audio__TagLib__ID3v1__GenreMap_isEmpty(PerlInterpreter*, CV*)’:
TagLib.c:22985:16: warning: unused variable ‘Perl___notused’ [-Wunused-variable]
TagLib.c: In function ‘void XS_Audio__TagLib__ID3v1__GenreMap_find(PerlInterpreter*, CV*)’:
TagLib.c:23013:16: warning: unused variable ‘Perl___notused’ [-Wunused-variable]
TagLib.c: In function ‘void XS_Audio__TagLib__ID3v1__GenreMap_contains(PerlInterpreter*, CV*)’:
TagLib.c:23047:16: warning: unused variable ‘Perl___notused’ [-Wunused-variable]
TagLib.c: In function ‘void XS_Audio__TagLib__ID3v1__GenreMap_erase(PerlInterpreter*, CV*)’:
TagLib.c:23081:16: warning: unused variable ‘Perl___notused’ [-Wunused-variable]
TagLib.c: In function ‘void XS_Audio__TagLib__ID3v1__GenreMap_getItem(PerlInterpreter*, CV*)’:
TagLib.c:23113:16: warning: unused variable ‘Perl___notused’ [-Wunused-variable]
TagLib.c: In function ‘void XS_Audio__TagLib__ID3v1__GenreMap_copy(PerlInterpreter*, CV*)’:
TagLib.c:23147:16: warning: unused variable ‘Perl___notused’ [-Wunused-variable]
TagLib.c: In function ‘void XS_Audio__TagLib__ID3v1__GenreMap_TIEHASH(PerlInterpreter*, CV*)’:
TagLib.c:23195:9: warning: unused variable ‘CLASS’ [-Wunused-variable]
TagLib.c:23182:16: warning: unused variable ‘Perl___notused’ [-Wunused-variable]
TagLib.c: In function ‘void XS_Audio__TagLib__ID3v1__GenreMap_FETCH(PerlInterpreter*, CV*)’:
TagLib.c:23229:16: warning: unused variable ‘Perl___notused’ [-Wunused-variable]
TagLib.c: In function ‘void XS_Audio__TagLib__ID3v1__GenreMap_STORE(PerlInterpreter*, CV*)’:
TagLib.c:23271:16: warning: unused variable ‘Perl___notused’ [-Wunused-variable]
TagLib.c: In function ‘void XS_Audio__TagLib__ID3v1__GenreMap_DELETE(PerlInterpreter*, CV*)’:
TagLib.c:23303:16: warning: unused variable ‘Perl___notused’ [-Wunused-variable]
TagLib.c: In function ‘void XS_Audio__TagLib__ID3v1__GenreMap_CLEAR(PerlInterpreter*, CV*)’:
TagLib.c:23335:16: warning: unused variable ‘Perl___notused’ [-Wunused-variable]
TagLib.c: In function ‘void XS_Audio__TagLib__ID3v1__GenreMap_EXISTS(PerlInterpreter*, CV*)’:
TagLib.c:23360:16: warning: unused variable ‘Perl___notused’ [-Wunused-variable]
TagLib.c: In function ‘void XS_Audio__TagLib__ID3v1__GenreMap_FIRSTKEY(PerlInterpreter*, CV*)’:
TagLib.c:23394:16: warning: unused variable ‘Perl___notused’ [-Wunused-variable]
TagLib.c: In function ‘void XS_Audio__TagLib__ID3v1__GenreMap_NEXTKEY(PerlInterpreter*, CV*)’:
TagLib.c:23445:19: warning: unused variable ‘RETVAL’ [-Wunused-variable]
TagLib.c:23433:16: warning: unused variable ‘Perl___notused’ [-Wunused-variable]
TagLib.c: In function ‘void XS_Audio__TagLib__ID3v1__GenreMap_SCALAR(PerlInterpreter*, CV*)’:
TagLib.c:23475:16: warning: unused variable ‘Perl___notused’ [-Wunused-variable]
TagLib.c: In function ‘void XS_Audio__TagLib__ID3v1_genreList(PerlInterpreter*, CV*)’:
TagLib.c:23516:9: warning: unused variable ‘CLASS’ [-Wunused-variable]
TagLib.c:23509:16: warning: unused variable ‘Perl___notused’ [-Wunused-variable]
TagLib.c: In function ‘void XS_Audio__TagLib__ID3v1_genreMap(PerlInterpreter*, CV*)’:
TagLib.c:23539:9: warning: unused variable ‘CLASS’ [-Wunused-variable]
TagLib.c:23532:16: warning: unused variable ‘Perl___notused’ [-Wunused-variable]
TagLib.c: In function ‘void XS_Audio__TagLib__ID3v1_genre(PerlInterpreter*, CV*)’:
TagLib.c:23563:9: warning: unused variable ‘CLASS’ [-Wunused-variable]
TagLib.c:23555:16: warning: unused variable ‘Perl___notused’ [-Wunused-variable]
TagLib.c: In function ‘void XS_Audio__TagLib__ID3v1_genreIndex(PerlInterpreter*, CV*)’:
TagLib.c:23587:9: warning: unused variable ‘CLASS’ [-Wunused-variable]
TagLib.c:23579:16: warning: unused variable ‘Perl___notused’ [-Wunused-variable]
TagLib.c: In function ‘void XS_Audio__TagLib__ID3v2__UnknownFrame_new(PerlInterpreter*, CV*)’:
TagLib.c:23636:9: warning: unused variable ‘CLASS’ [-Wunused-variable]
TagLib.c:23628:16: warning: unused variable ‘Perl___notused’ [-Wunused-variable]
TagLib.c: In function ‘void XS_Audio__TagLib__ID3v2__UnknownFrame_DESTROY(PerlInterpreter*, CV*)’:
TagLib.c:23657:16: warning: unused variable ‘Perl___notused’ [-Wunused-variable]
TagLib.c: In function ‘void XS_Audio__TagLib__ID3v2__UnknownFrame_toString(PerlInterpreter*, CV*)’:
TagLib.c:23683:16: warning: unused variable ‘Perl___notused’ [-Wunused-variable]
TagLib.c: In function ‘void XS_Audio__TagLib__ID3v2__UnknownFrame_data(PerlInterpreter*, CV*)’:
TagLib.c:23711:16: warning: unused variable ‘Perl___notused’ [-Wunused-variable]
TagLib.c: In function ‘void XS_Audio__TagLib__ID3v2__UniqueFileIdentifierFrame_new(PerlInterpreter*, CV*)’:
TagLib.c:23756:9: warning: unused variable ‘CLASS’ [-Wunused-variable]
TagLib.c:23744:16: warning: unused variable ‘Perl___notused’ [-Wunused-variable]
TagLib.c: In function ‘void XS_Audio__TagLib__ID3v2__UniqueFileIdentifierFrame_owner(PerlInterpreter*, CV*)’:
TagLib.c:23798:16: warning: unused variable ‘Perl___notused’ [-Wunused-variable]
TagLib.c: In function ‘void XS_Audio__TagLib__ID3v2__UniqueFileIdentifierFrame_identifier(PerlInterpreter*, CV*)’:
TagLib.c:23826:16: warning: unused variable ‘Perl___notused’ [-Wunused-variable]
TagLib.c: In function ‘void XS_Audio__TagLib__ID3v2__UniqueFileIdentifierFrame_setOwner(PerlInterpreter*, CV*)’:
TagLib.c:23854:16: warning: unused variable ‘Perl___notused’ [-Wunused-variable]
TagLib.c: In function ‘void XS_Audio__TagLib__ID3v2__UniqueFileIdentifierFrame_setIdentifier(PerlInterpreter*, CV*)’:
TagLib.c:23885:16: warning: unused variable ‘Perl___notused’ [-Wunused-variable]
TagLib.c: In function ‘void XS_Audio__TagLib__ID3v2__UniqueFileIdentifierFrame_toString(PerlInterpreter*, CV*)’:
TagLib.c:23916:16: warning: unused variable ‘Perl___notused’ [-Wunused-variable]
TagLib.c: In function ‘void XS_Audio__TagLib__ID3v2__TextIdentificationFrame_new(PerlInterpreter*, CV*)’:
TagLib.c:23961:9: warning: unused variable ‘CLASS’ [-Wunused-variable]
TagLib.c:23949:16: warning: unused variable ‘Perl___notused’ [-Wunused-variable]
TagLib.c: In function ‘void XS_Audio__TagLib__ID3v2__TextIdentificationFrame_DESTROY(PerlInterpreter*, CV*)’:
TagLib.c:24012:16: warning: unused variable ‘Perl___notused’ [-Wunused-variable]
TagLib.c: In function ‘void XS_Audio__TagLib__ID3v2__TextIdentificationFrame_setText(PerlInterpreter*, CV*)’:
TagLib.c:24038:16: warning: unused variable ‘Perl___notused’ [-Wunused-variable]
TagLib.c: In function ‘void XS_Audio__TagLib__ID3v2__TextIdentificationFrame_toString(PerlInterpreter*, CV*)’:
TagLib.c:24077:16: warning: unused variable ‘Perl___notused’ [-Wunused-variable]
TagLib.c: In function ‘void XS_Audio__TagLib__ID3v2__TextIdentificationFrame_textEncoding(PerlInterpreter*, CV*)’:
TagLib.c:24105:16: warning: unused variable ‘Perl___notused’ [-Wunused-variable]
TagLib.c: In function ‘void XS_Audio__TagLib__ID3v2__TextIdentificationFrame_setTextEncoding(PerlInterpreter*, CV*)’:
TagLib.c:24149:16: warning: unused variable ‘Perl___notused’ [-Wunused-variable]
TagLib.c: In function ‘void XS_Audio__TagLib__ID3v2__TextIdentificationFrame_fieldList(PerlInterpreter*, CV*)’:
TagLib.c:24190:16: warning: unused variable ‘Perl___notused’ [-Wunused-variable]
TagLib.c: In function ‘void XS_Audio__TagLib__ID3v2__UserTextIdentificationFrame_new(PerlInterpreter*, CV*)’:
TagLib.c:24229:9: warning: unused variable ‘CLASS’ [-Wunused-variable]
TagLib.c:24218:16: warning: unused variable ‘Perl___notused’ [-Wunused-variable]
TagLib.c: In function ‘void XS_Audio__TagLib__ID3v2__UserTextIdentificationFrame_toString(PerlInterpreter*, CV*)’:
TagLib.c:24277:16: warning: unused variable ‘Perl___notused’ [-Wunused-variable]
TagLib.c: In function ‘void XS_Audio__TagLib__ID3v2__UserTextIdentificationFrame_description(PerlInterpreter*, CV*)’:
TagLib.c:24305:16: warning: unused variable ‘Perl___notused’ [-Wunused-variable]
TagLib.c: In function ‘void XS_Audio__TagLib__ID3v2__UserTextIdentificationFrame_setDescription(PerlInterpreter*, CV*)’:
TagLib.c:24333:16: warning: unused variable ‘Perl___notused’ [-Wunused-variable]
TagLib.c: In function ‘void XS_Audio__TagLib__ID3v2__UserTextIdentificationFrame_fieldList(PerlInterpreter*, CV*)’:
TagLib.c:24364:16: warning: unused variable ‘Perl___notused’ [-Wunused-variable]
TagLib.c: In function ‘void XS_Audio__TagLib__ID3v2__UserTextIdentificationFrame_setText(PerlInterpreter*, CV*)’:
TagLib.c:24392:16: warning: unused variable ‘Perl___notused’ [-Wunused-variable]
TagLib.c: In function ‘void XS_Audio__TagLib__ID3v2__UserTextIdentificationFrame_find(PerlInterpreter*, CV*)’:
TagLib.c:24431:16: warning: unused variable ‘Perl___notused’ [-Wunused-variable]
TagLib.c: In function ‘void XS_Audio__TagLib__ID3v2__CommentsFrame_new(PerlInterpreter*, CV*)’:
TagLib.c:24486:9: warning: unused variable ‘CLASS’ [-Wunused-variable]
TagLib.c:24476:16: warning: unused variable ‘Perl___notused’ [-Wunused-variable]
TagLib.c: In function ‘void XS_Audio__TagLib__ID3v2__CommentsFrame_DESTROY(PerlInterpreter*, CV*)’:
TagLib.c:24536:16: warning: unused variable ‘Perl___notused’ [-Wunused-variable]
TagLib.c: In function ‘void XS_Audio__TagLib__ID3v2__CommentsFrame_toString(PerlInterpreter*, CV*)’:
TagLib.c:24562:16: warning: unused variable ‘Perl___notused’ [-Wunused-variable]
TagLib.c: In function ‘void XS_Audio__TagLib__ID3v2__CommentsFrame_language(PerlInterpreter*, CV*)’:
TagLib.c:24590:16: warning: unused variable ‘Perl___notused’ [-Wunused-variable]
TagLib.c: In function ‘void XS_Audio__TagLib__ID3v2__CommentsFrame_description(PerlInterpreter*, CV*)’:
TagLib.c:24618:16: warning: unused variable ‘Perl___notused’ [-Wunused-variable]
TagLib.c: In function ‘void XS_Audio__TagLib__ID3v2__CommentsFrame_text(PerlInterpreter*, CV*)’:
TagLib.c:24646:16: warning: unused variable ‘Perl___notused’ [-Wunused-variable]
TagLib.c: In function ‘void XS_Audio__TagLib__ID3v2__CommentsFrame_setLanguage(PerlInterpreter*, CV*)’:
TagLib.c:24674:16: warning: unused variable ‘Perl___notused’ [-Wunused-variable]
TagLib.c: In function ‘void XS_Audio__TagLib__ID3v2__CommentsFrame_setDescription(PerlInterpreter*, CV*)’:
TagLib.c:24705:16: warning: unused variable ‘Perl___notused’ [-Wunused-variable]
TagLib.c: In function ‘void XS_Audio__TagLib__ID3v2__CommentsFrame_setText(PerlInterpreter*, CV*)’:
TagLib.c:24736:16: warning: unused variable ‘Perl___notused’ [-Wunused-variable]
TagLib.c: In function ‘void XS_Audio__TagLib__ID3v2__CommentsFrame_textEncoding(PerlInterpreter*, CV*)’:
TagLib.c:24767:16: warning: unused variable ‘Perl___notused’ [-Wunused-variable]
TagLib.c: In function ‘void XS_Audio__TagLib__ID3v2__CommentsFrame_setTextEncoding(PerlInterpreter*, CV*)’:
TagLib.c:24811:16: warning: unused variable ‘Perl___notused’ [-Wunused-variable]
TagLib.c: In function ‘void XS_Audio__TagLib__ID3v2__AttachedPictureFrame_new(PerlInterpreter*, CV*)’:
TagLib.c:24867:9: warning: unused variable ‘CLASS’ [-Wunused-variable]
TagLib.c:24857:16: warning: unused variable ‘Perl___notused’ [-Wunused-variable]
TagLib.c: In function ‘void XS_Audio__TagLib__ID3v2__AttachedPictureFrame_DESTROY(PerlInterpreter*, CV*)’:
TagLib.c:24895:16: warning: unused variable ‘Perl___notused’ [-Wunused-variable]
TagLib.c: In function ‘void XS_Audio__TagLib__ID3v2__AttachedPictureFrame_toString(PerlInterpreter*, CV*)’:
TagLib.c:24921:16: warning: unused variable ‘Perl___notused’ [-Wunused-variable]
TagLib.c: In function ‘void XS_Audio__TagLib__ID3v2__AttachedPictureFrame_textEncoding(PerlInterpreter*, CV*)’:
TagLib.c:24949:16: warning: unused variable ‘Perl___notused’ [-Wunused-variable]
TagLib.c: In function ‘void XS_Audio__TagLib__ID3v2__AttachedPictureFrame_setTextEncoding(PerlInterpreter*, CV*)’:
TagLib.c:24993:16: warning: unused variable ‘Perl___notused’ [-Wunused-variable]
TagLib.c: In function ‘void XS_Audio__TagLib__ID3v2__AttachedPictureFrame_mimeType(PerlInterpreter*, CV*)’:
TagLib.c:25034:16: warning: unused variable ‘Perl___notused’ [-Wunused-variable]
TagLib.c: In function ‘void XS_Audio__TagLib__ID3v2__AttachedPictureFrame_setMimeType(PerlInterpreter*, CV*)’:
TagLib.c:25062:16: warning: unused variable ‘Perl___notused’ [-Wunused-variable]
TagLib.c: In function ‘void XS_Audio__TagLib__ID3v2__AttachedPictureFrame_type(PerlInterpreter*, CV*)’:
TagLib.c:25093:16: warning: unused variable ‘Perl___notused’ [-Wunused-variable]
TagLib.c: In function ‘void XS_Audio__TagLib__ID3v2__AttachedPictureFrame_setType(PerlInterpreter*, CV*)’:
TagLib.c:25185:16: warning: unused variable ‘Perl___notused’ [-Wunused-variable]
TagLib.c: In function ‘void XS_Audio__TagLib__ID3v2__AttachedPictureFrame_description(PerlInterpreter*, CV*)’:
TagLib.c:25258:16: warning: unused variable ‘Perl___notused’ [-Wunused-variable]
TagLib.c: In function ‘void XS_Audio__TagLib__ID3v2__AttachedPictureFrame_setDescription(PerlInterpreter*, CV*)’:
TagLib.c:25286:16: warning: unused variable ‘Perl___notused’ [-Wunused-variable]
TagLib.c: In function ‘void XS_Audio__TagLib__ID3v2__AttachedPictureFrame_picture(PerlInterpreter*, CV*)’:
TagLib.c:25317:16: warning: unused variable ‘Perl___notused’ [-Wunused-variable]
TagLib.c: In function ‘void XS_Audio__TagLib__ID3v2__AttachedPictureFrame_setPicture(PerlInterpreter*, CV*)’:
TagLib.c:25345:16: warning: unused variable ‘Perl___notused’ [-Wunused-variable]
TagLib.c: In function ‘void boot_Audio__TagLib(PerlInterpreter*, CV*)’:
TagLib.c:25381:16: warning: unused variable ‘Perl___notused’ [-Wunused-variable]
make: [TagLib.o] Error 1 (ignored)
rm -f blib/arch/auto/Audio/TagLib/TagLib.so
g++  -shared -O2 -g -pipe -Wall -Wp,-D_FORTIFY_SOURCE=2 -fexceptions -fstack-protector --param=ssp-buffer-size=4 -m64 -mtune=generic -Wl,-z,relro  -Wl,--enable-new-dtags -Wl,-rpath,/usr/lib64/perl5/CORE -fPIC TagLib.o  -o blib/arch/auto/Audio/TagLib/TagLib.so 	\
   -ltag  	\
  
g++: error: TagLib.o: No such file or directory
make: [blib/arch/auto/Audio/TagLib/TagLib.so] Error 1 (ignored)
chmod 755 blib/arch/auto/Audio/TagLib/TagLib.so
chmod: cannot access `blib/arch/auto/Audio/TagLib/TagLib.so': No such file or directory
make: [blib/arch/auto/Audio/TagLib/TagLib.so] Error 1 (ignored)
